<html>
<body>
<pre>
<h1>µVision Build Log</h1>
<h2>Tool Versions:</h2>
IDE-Version: ¦ÌVision V5.14.0.0
Copyright (C) 2015 ARM Ltd and ARM Germany GmbH. All rights reserved.
License Information: QWERWWEER QIANDUODUO, QWERTRY, LIC=21E4T-RVC7P-FWW2N-YN7GP-B5KIQ-T5T0H
 
Tool Versions:
Toolchain:       MDK-ARM Standard  Version: 5.14.0.0
Toolchain Path:  D:\Program File\MDK5\ARM\ARMCC\Bin
C Compiler:      Armcc.exe V5.05 update 1 (build 106)
Assembler:       Armasm.exe V5.05 update 1 (build 106)
Linker/Locator:  ArmLink.exe V5.05 update 1 (build 106)
Library Manager: ArmAr.exe V5.05 update 1 (build 106)
Hex Converter:   FromElf.exe V5.05 update 1 (build 106)
CPU DLL:         SARMCM3.DLL V5.14.0.0
Dialog DLL:      DARMSTM.DLL V1.65.0.0
Target DLL:      STLink\ST-LINKIII-KEIL_SWO.dll V2.0.14.0_KEIL
Dialog DLL:      TARMSTM.DLL V1.64.0.0
 
<h2>Project:</h2>
C:\Users\QIANDUODUO\Desktop\111\USER\LCD.uvprojx
Project File Date:  06/12/2023

<h2>Output:</h2>
Build target 'Target 1'
compiling main.c...
main.c(52): warning:  #177-D: variable "cycle" was declared but never referenced
          u16 cycle=100;
main.c(101): warning:  #1-D: last line of file ends without a newline
                                
main.c: 2 warnings, 0 errors
linking...
Program Size: Code=27226 RO-data=59678 RW-data=2736 ZI-data=3384  
FromELF: creating hex file...
"..\OBJ\LCD.axf" - 0 Error(s), 2 Warning(s).

<h2>Collection of Component include folders:</h2>
  C:\Users\QIANDUODUO\Desktop\111\USER\RTE
  D:\Program File\MDK5\ARM\PACK\Keil\STM32F1xx_DFP\1.0.5\Device\Include

<h2>Collection of Component Files used:</h2>
</pre>
</body>
</html>
