Component: ARM Compiler 5.05 update 1 (build 106) Tool: armlink [4d0efa]

==============================================================================

Section Cross References

    main.o(.text) refers to usart.o(.text) for uart_init
    main.o(.text) refers to led.o(.text) for LED_Init
    main.o(.text) refers to key.o(.text) for KEY_Init
    main.o(.text) refers to delay.o(.text) for delay_init
    main.o(.text) refers to lcd.o(.text) for LCD_Init
    main.o(.text) refers to paj7620u2.o(.text) for paj7620u2_init
    main.o(.text) refers to stm32f10x_gpio.o(.text) for GPIO_ReadInputDataBit
    main.o(.text) refers to sign.o(.text) for Sine_Wave_Init
    main.o(.text) refers to main.o(.data) for i
    system_stm32f10x.o(.text) refers to system_stm32f10x.o(.data) for SystemCoreClock
    led.o(.text) refers to stm32f10x_rcc.o(.text) for RCC_APB2PeriphClockCmd
    led.o(.text) refers to stm32f10x_gpio.o(.text) for GPIO_Init
    lcd.o(.text) refers to _printf_percent.o(.ARM.Collect$$_printf_percent$$00000000) for _printf_percent
    lcd.o(.text) refers to _printf_x.o(.ARM.Collect$$_printf_percent$$0000000C) for _printf_x
    lcd.o(.text) refers to _printf_hex_int.o(.text) for _printf_longlong_hex
    lcd.o(.text) refers to delay.o(.text) for delay_us
    lcd.o(.text) refers to lcd.o(.bss) for lcddev
    lcd.o(.text) refers to lcd.o(.data) for POINT_COLOR
    lcd.o(.text) refers to dflt_clz.o(x$fpl$dfltu) for __aeabi_ui2d
    lcd.o(.text) refers to dmul.o(x$fpl$dmul) for __aeabi_dmul
    lcd.o(.text) refers to dfixu.o(x$fpl$dfixu) for __aeabi_d2uiz
    lcd.o(.text) refers to stm32f10x_rcc.o(.text) for RCC_APB2PeriphClockCmd
    lcd.o(.text) refers to stm32f10x_gpio.o(.text) for GPIO_PinRemapConfig
    lcd.o(.text) refers to noretval__2printf.o(.text) for __2printf
    lcd.o(.text) refers to lcd.o(.constdata) for asc2_1206
    key.o(.text) refers to stm32f10x_rcc.o(.text) for RCC_APB2PeriphClockCmd
    key.o(.text) refers to stm32f10x_gpio.o(.text) for GPIO_PinRemapConfig
    key.o(.text) refers to delay.o(.text) for delay_ms
    key.o(.text) refers to key.o(.data) for key_up
    sign.o(.text) refers to dflt_clz.o(x$fpl$dfltu) for __aeabi_ui2d
    sign.o(.text) refers to dflt_clz.o(x$fpl$dflt) for __aeabi_i2d
    sign.o(.text) refers to dmul.o(x$fpl$dmul) for __aeabi_dmul
    sign.o(.text) refers to ddiv.o(x$fpl$ddiv) for __aeabi_ddiv
    sign.o(.text) refers to sin.o(i.sin) for sin
    sign.o(.text) refers to daddsub_clz.o(x$fpl$dadd) for __aeabi_dadd
    sign.o(.text) refers to f2d.o(x$fpl$f2d) for __aeabi_f2d
    sign.o(.text) refers to dfixu.o(x$fpl$dfixu) for __aeabi_d2uiz
    sign.o(.text) refers to fflt_clz.o(x$fpl$ffltu) for __aeabi_ui2f
    sign.o(.text) refers to fmul.o(x$fpl$fmul) for __aeabi_fmul
    sign.o(.text) refers to fdiv.o(x$fpl$fdiv) for __aeabi_fdiv
    sign.o(.text) refers to ffixu.o(x$fpl$ffixu) for __aeabi_f2uiz
    sign.o(.text) refers to fflt_clz.o(x$fpl$fflt) for __aeabi_i2f
    sign.o(.text) refers to stm32f10x_gpio.o(.text) for GPIO_SetBits
    sign.o(.text) refers to stm32f10x_rcc.o(.text) for RCC_APB1PeriphClockCmd
    sign.o(.text) refers to stm32f10x_dac.o(.text) for DAC_StructInit
    sign.o(.text) refers to stm32f10x_tim.o(.text) for TIM_TimeBaseStructInit
    sign.o(.text) refers to stm32f10x_dma.o(.text) for DMA_StructInit
    sign.o(.text) refers to sign.o(.bss) for D_Sine
    paj7620u2.o(.text) refers to _printf_percent.o(.ARM.Collect$$_printf_percent$$00000000) for _printf_percent
    paj7620u2.o(.text) refers to _printf_d.o(.ARM.Collect$$_printf_percent$$00000009) for _printf_d
    paj7620u2.o(.text) refers to _printf_dec.o(.text) for _printf_int_dec
    paj7620u2.o(.text) refers to paj7620u2_iic.o(.text) for GS_Write_Byte
    paj7620u2.o(.text) refers to delay.o(.text) for delay_ms
    paj7620u2.o(.text) refers to lcd.o(.text) for LCD_Fill
    paj7620u2.o(.text) refers to noretval__2printf.o(.text) for __2printf
    paj7620u2.o(.text) refers to sign.o(.text) for Sine_Wave_Init
    paj7620u2.o(.text) refers to f2d.o(x$fpl$f2d) for __aeabi_f2d
    paj7620u2.o(.text) refers to daddsub_clz.o(x$fpl$dadd) for __aeabi_dadd
    paj7620u2.o(.text) refers to d2f.o(x$fpl$d2f) for __aeabi_d2f
    paj7620u2.o(.text) refers to paj7620u2.o(.constdata) for init_Array
    paj7620u2.o(.text) refers to lcd.o(.data) for POINT_COLOR
    paj7620u2.o(.text) refers to paj7620u2.o(.data) for freq
    paj7620u2.o(.text) refers to daddsub_clz.o(x$fpl$dsub) for __aeabi_dsub
    paj7620u2.o(.text) refers to dmul.o(x$fpl$dmul) for __aeabi_dmul
    paj7620u2.o(.text) refers to ffixu.o(x$fpl$ffixu) for __aeabi_f2uiz
    paj7620u2.o(.text) refers to fflt_clz.o(x$fpl$ffltu) for __aeabi_ui2f
    paj7620u2.o(.text) refers to faddsub_clz.o(x$fpl$frsb) for __aeabi_frsub
    paj7620u2.o(.text) refers to fmul.o(x$fpl$fmul) for __aeabi_fmul
    paj7620u2.o(.text) refers to key.o(.text) for KEY_Scan
    paj7620u2_iic.o(.text) refers to stm32f10x_rcc.o(.text) for RCC_APB2PeriphClockCmd
[...]
    .ARM.Collect$$libinit$$0000000E          0x080001f6   Section        0  libinit2.o(.ARM.Collect$$libinit$$0000000E)
    .ARM.Collect$$libinit$$00000011          0x080001f6   Section        0  libinit2.o(.ARM.Collect$$libinit$$00000011)
    .ARM.Collect$$libinit$$00000013          0x080001f6   Section        0  libinit2.o(.ARM.Collect$$libinit$$00000013)
    .ARM.Collect$$libinit$$00000015          0x080001f6   Section        0  libinit2.o(.ARM.Collect$$libinit$$00000015)
    .ARM.Collect$$libinit$$00000017          0x080001f6   Section        0  libinit2.o(.ARM.Collect$$libinit$$00000017)
    .ARM.Collect$$libinit$$00000019          0x080001f6   Section        0  libinit2.o(.ARM.Collect$$libinit$$00000019)
    .ARM.Collect$$libinit$$0000001B          0x080001f6   Section        0  libinit2.o(.ARM.Collect$$libinit$$0000001B)
    .ARM.Collect$$libinit$$0000001D          0x080001f6   Section        0  libinit2.o(.ARM.Collect$$libinit$$0000001D)
    .ARM.Collect$$libinit$$0000001F          0x080001f6   Section        0  libinit2.o(.ARM.Collect$$libinit$$0000001F)
    .ARM.Collect$$libinit$$00000021          0x080001f6   Section        0  libinit2.o(.ARM.Collect$$libinit$$00000021)
    .ARM.Collect$$libinit$$00000023          0x080001f6   Section        0  libinit2.o(.ARM.Collect$$libinit$$00000023)
    .ARM.Collect$$libinit$$00000025          0x080001f6   Section        0  libinit2.o(.ARM.Collect$$libinit$$00000025)
    .ARM.Collect$$libinit$$0000002C          0x080001f6   Section        0  libinit2.o(.ARM.Collect$$libinit$$0000002C)
    .ARM.Collect$$libinit$$0000002E          0x080001f6   Section        0  libinit2.o(.ARM.Collect$$libinit$$0000002E)
    .ARM.Collect$$libinit$$00000030          0x080001f6   Section        0  libinit2.o(.ARM.Collect$$libinit$$00000030)
    .ARM.Collect$$libinit$$00000032          0x080001f6   Section        0  libinit2.o(.ARM.Collect$$libinit$$00000032)
    .ARM.Collect$$libinit$$00000033          0x080001f6   Section        2  libinit2.o(.ARM.Collect$$libinit$$00000033)
    .ARM.Collect$$libshutdown$$00000000      0x080001f8   Section        2  libshutdown.o(.ARM.Collect$$libshutdown$$00000000)
    .ARM.Collect$$libshutdown$$00000003      0x080001fa   Section        0  libshutdown2.o(.ARM.Collect$$libshutdown$$00000003)
    .ARM.Collect$$libshutdown$$00000006      0x080001fa   Section        0  libshutdown2.o(.ARM.Collect$$libshutdown$$00000006)
    .ARM.Collect$$libshutdown$$00000009      0x080001fa   Section        0  libshutdown2.o(.ARM.Collect$$libshutdown$$00000009)
    .ARM.Collect$$libshutdown$$0000000B      0x080001fa   Section        0  libshutdown2.o(.ARM.Collect$$libshutdown$$0000000B)
    .ARM.Collect$$libshutdown$$0000000E      0x080001fa   Section        0  libshutdown2.o(.ARM.Collect$$libshutdown$$0000000E)
    .ARM.Collect$$libshutdown$$0000000F      0x080001fa   Section        2  libshutdown2.o(.ARM.Collect$$libshutdown$$0000000F)
    .ARM.Collect$$rtentry$$00000000          0x080001fc   Section        0  __rtentry.o(.ARM.Collect$$rtentry$$00000000)
    .ARM.Collect$$rtentry$$00000002          0x080001fc   Section        0  __rtentry2.o(.ARM.Collect$$rtentry$$00000002)
    .ARM.Collect$$rtentry$$00000004          0x080001fc   Section        6  __rtentry4.o(.ARM.Collect$$rtentry$$00000004)
    .ARM.Collect$$rtentry$$00000009          0x08000202   Section        0  __rtentry2.o(.ARM.Collect$$rtentry$$00000009)
    .ARM.Collect$$rtentry$$0000000A          0x08000202   Section        4  __rtentry2.o(.ARM.Collect$$rtentry$$0000000A)
    .ARM.Collect$$rtentry$$0000000C          0x08000206   Section        0  __rtentry2.o(.ARM.Collect$$rtentry$$0000000C)
    .ARM.Collect$$rtentry$$0000000D          0x08000206   Section        8  __rtentry2.o(.ARM.Collect$$rtentry$$0000000D)
    .ARM.Collect$$rtexit$$00000000           0x0800020e   Section        2  rtexit.o(.ARM.Collect$$rtexit$$00000000)
    .ARM.Collect$$rtexit$$00000002           0x08000210   Section        0  rtexit2.o(.ARM.Collect$$rtexit$$00000002)
    .ARM.Collect$$rtexit$$00000003           0x08000210   Section        4  rtexit2.o(.ARM.Collect$$rtexit$$00000003)
    .ARM.Collect$$rtexit$$00000004           0x08000214   Section        6  rtexit2.o(.ARM.Collect$$rtexit$$00000004)
    .text                                    0x0800021c   Section        0  main.o(.text)
    .text                                    0x0800034c   Section        0  stm32f10x_it.o(.text)
    .text                                    0x08000368   Section        0  system_stm32f10x.o(.text)
    SetSysClockTo72                          0x08000369   Thumb Code   214  system_stm32f10x.o(.text)
    SetSysClock                              0x0800043f   Thumb Code     8  system_stm32f10x.o(.text)
    .text                                    0x08000548   Section        0  led.o(.text)
    .text                                    0x08000598   Section        0  lcd.o(.text)
    .text                                    0x08001d54   Section        0  key.o(.text)
    .text                                    0x08001e98   Section        0  sign.o(.text)
    .text                                    0x08002280   Section        0  paj7620u2.o(.text)
    .text                                    0x08002ddc   Section        0  paj7620u2_iic.o(.text)
    GS_IIC_Start                             0x08002e0f   Thumb Code    64  paj7620u2_iic.o(.text)
    GS_IIC_Stop                              0x08002e4f   Thumb Code    66  paj7620u2_iic.o(.text)
    GS_IIC_Wait_Ack                          0x08002e91   Thumb Code    90  paj7620u2_iic.o(.text)
    GS_IIC_Ack                               0x08002eeb   Thumb Code    70  paj7620u2_iic.o(.text)
    GS_IIC_NAck                              0x08002f31   Thumb Code    70  paj7620u2_iic.o(.text)
    GS_IIC_Send_Byte                         0x08002f77   Thumb Code   104  paj7620u2_iic.o(.text)
    GS_IIC_Read_Byte                         0x08002fdf   Thumb Code   100  paj7620u2_iic.o(.text)
    .text                                    0x08003140   Section        0  delay.o(.text)
    .text                                    0x08003214   Section        0  usart.o(.text)
    .text                                    0x08003354   Section       64  startup_stm32f10x_hd.o(.text)
    .text                                    0x08003394   Section        0  stm32f10x_gpio.o(.text)
    .text                                    0x080036f0   Section        0  stm32f10x_rcc.o(.text)
    .text                                    0x08003a94   Section        0  stm32f10x_usart.o(.text)
    .text                                    0x08003e9c   Section        0  misc.o(.text)
    .text                                    0x08003f78   Section        0  stm32f10x_dac.o(.text)
    .text                                    0x08004104   Section        0  stm32f10x_dma.o(.text)
    .text                                    0x08004358   Section        0  stm32f10x_tim.o(.text)
    TI4_Config                               0x080047ff   Thumb Code   130  stm32f10x_tim.o(.text)
    TI3_Config                               0x08004893   Thumb Code   122  stm32f10x_tim.o(.text)
    TI2_Config                               0x08004927   Thumb Code   130  stm32f10x_tim.o(.text)
    TI1_Config                               0x080049bb   Thumb Code   108  stm32f10x_tim.o(.text)
    .text                                    0x08005172   Section        2  use_no_semi_2.o(.text)
    .text                                    0x08005174   Section        0  noretval__2printf.o(.text)
    .text                                    0x0800518c   Section        0  __printf.o(.text)
    .text                                    0x080051f4   Section        0  _printf_dec.o(.text)
    .text                                    0x0800526c   Section        0  _printf_hex_int.o(.text)
    .text                                    0x080052c4   Section        0  heapauxi.o(.text)
    .text                                    0x080052ca   Section        2  use_no_semi.o(.text)
    .text                                    0x080052cc   Section        0  _rserrno.o(.text)
    .text                                    0x080052e2   Section        0  _printf_intcommon.o(.text)
    .text                                    0x08005394   Section        0  _printf_char_file.o(.text)
    .text                                    0x080053b8   Section        8  rt_errno_addr_intlibspace.o(.text)
    .text                                    0x080053c0   Section        0  _printf_char_common.o(.text)
    _printf_input_char                       0x080053c1   Thumb Code    10  _printf_char_common.o(.text)
    .text                                    0x080053f0   Section        0  ferror.o(.text)
    .text                                    0x080053f8   Section        8  libspace.o(.text)
    .text                                    0x08005400   Section       74  sys_stackheap_outer.o(.text)
    .text                                    0x0800544a   Section        0  exit.o(.text)
    i.__ARM_fpclassify                       0x08005456   Section        0  fpclassify.o(i.__ARM_fpclassify)
    i.__ieee754_rem_pio2                     0x08005480   Section        0  rred.o(i.__ieee754_rem_pio2)
    i.__kernel_cos                           0x08005808   Section        0  cos_i.o(i.__kernel_cos)
    i.__kernel_poly                          0x08005904   Section        0  poly.o(i.__kernel_poly)
    i.__kernel_sin                           0x080059b0   Section        0  sin_i.o(i.__kernel_sin)
    i.__mathlib_dbl_infnan                   0x08005a9c   Section        0  dunder.o(i.__mathlib_dbl_infnan)
    i.__mathlib_dbl_invalid                  0x08005aa2   Section        0  dunder.o(i.__mathlib_dbl_invalid)
    i.__mathlib_dbl_underflow                0x08005ab0   Section        0  dunder.o(i.__mathlib_dbl_underflow)
    i.sin                                    0x08005ac0   Section        0  sin.o(i.sin)
    x$fpl$d2f                                0x08005b60   Section       98  d2f.o(x$fpl$d2f)
    x$fpl$dadd                               0x08005bc4   Section      336  daddsub_clz.o(x$fpl$dadd)
    _dadd1                                   0x08005bd5   Thumb Code     0  daddsub_clz.o(x$fpl$dadd)
    x$fpl$dcheck1                            0x08005d14   Section       16  dcheck1.o(x$fpl$dcheck1)
    x$fpl$ddiv                               0x08005d24   Section      688  ddiv.o(x$fpl$ddiv)
    ddiv_entry                               0x08005d2b   Thumb Code     0  ddiv.o(x$fpl$ddiv)
    x$fpl$dfix                               0x08005fd4   Section       94  dfix.o(x$fpl$dfix)
    x$fpl$dfixu                              0x08006034   Section       90  dfixu.o(x$fpl$dfixu)
    x$fpl$dflt                               0x0800608e   Section       46  dflt_clz.o(x$fpl$dflt)
    x$fpl$dfltu                              0x080060bc   Section       38  dflt_clz.o(x$fpl$dfltu)
    x$fpl$dmul                               0x080060e4   Section      340  dmul.o(x$fpl$dmul)
    x$fpl$dnaninf                            0x08006238   Section      156  dnaninf.o(x$fpl$dnaninf)
    x$fpl$dretinf                            0x080062d4   Section       12  dretinf.o(x$fpl$dretinf)
    x$fpl$drsb                               0x080062e0   Section       22  daddsub_clz.o(x$fpl$drsb)
    x$fpl$dsub                               0x080062f8   Section      468  daddsub_clz.o(x$fpl$dsub)
    _dsub1                                   0x08006309   Thumb Code     0  daddsub_clz.o(x$fpl$dsub)
    x$fpl$f2d                                0x080064cc   Section       86  f2d.o(x$fpl$f2d)
    x$fpl$fadd                               0x08006524   Section      196  faddsub_clz.o(x$fpl$fadd)
    _fadd1                                   0x08006533   Thumb Code     0  faddsub_clz.o(x$fpl$fadd)
    x$fpl$fdiv                               0x080065e8   Section      388  fdiv.o(x$fpl$fdiv)
    _fdiv1                                   0x080065e9   Thumb Code     0  fdiv.o(x$fpl$fdiv)
    x$fpl$ffixu                              0x0800676c   Section       62  ffixu.o(x$fpl$ffixu)
    x$fpl$fflt                               0x080067ac   Section       48  fflt_clz.o(x$fpl$fflt)
    x$fpl$ffltu                              0x080067dc   Section       38  fflt_clz.o(x$fpl$ffltu)
    x$fpl$fmul                               0x08006804   Section      258  fmul.o(x$fpl$fmul)
    x$fpl$fnaninf                            0x08006906   Section      140  fnaninf.o(x$fpl$fnaninf)
    x$fpl$fretinf                            0x08006992   Section       10  fretinf.o(x$fpl$fretinf)
    x$fpl$frsb                               0x0800699c   Section       20  faddsub_clz.o(x$fpl$frsb)
    x$fpl$fsub                               0x080069b0   Section      234  faddsub_clz.o(x$fpl$fsub)
    _fsub1                                   0x080069bf   Thumb Code     0  faddsub_clz.o(x$fpl$fsub)
    x$fpl$retnan                             0x08006a9a   Section      100  retnan.o(x$fpl$retnan)
    x$fpl$scalbn                             0x08006afe   Section       92  scalbn.o(x$fpl$scalbn)
    x$fpl$trapveneer                         0x08006b5a   Section       48  trapv.o(x$fpl$trapveneer)
    .constdata                               0x08006b8a   Section    58778  lcd.o(.constdata)
    x$fpl$usenofp                            0x08006b8a   Section        0  usenofp.o(x$fpl$usenofp)
    .constdata                               0x08015124   Section      232  paj7620u2.o(.constdata)
    .constdata                               0x0801520c   Section       40  _printf_hex_int.o(.constdata)
    uc_hextab                                0x0801520c   Data          20  _printf_hex_int.o(.constdata)
    lc_hextab                                0x08015220   Data          20  _printf_hex_int.o(.constdata)
    .constdata                               0x08015238   Section       48  cos_i.o(.constdata)
    C                                        0x08015238   Data          48  cos_i.o(.constdata)
    .constdata                               0x08015268   Section      200  rred.o(.constdata)
    pio2s                                    0x08015268   Data          48  rred.o(.constdata)
    twooverpi                                0x08015298   Data         152  rred.o(.constdata)
    .constdata                               0x08015330   Section       40  sin_i.o(.constdata)
    S                                        0x08015330   Data          40  sin_i.o(.constdata)
    .data                                    0x20000000   Section        1  main.o(.data)
    .data                                    0x20000004   Section       20  system_stm32f10x.o(.data)
    .data                                    0x20000018   Section     2668  lcd.o(.data)
    .data                                    0x20000a84   Section        1  key.o(.data)
    key_up                                   0x20000a84   Data           1  key.o(.data)
    .data                                    0x20000a88   Section        8  paj7620u2.o(.data)
    freq                                     0x20000a88   Data           4  paj7620u2.o(.data)
    Um                                       0x20000a8c   Data           4  paj7620u2.o(.data)
    .data                                    0x20000a90   Section        4  delay.o(.data)
    fac_us                                   0x20000a90   Data           1  delay.o(.data)
    fac_ms                                   0x20000a92   Data           2  delay.o(.data)
    .data                                    0x20000a94   Section        6  usart.o(.data)
    .data                                    0x20000a9a   Section       20  stm32f10x_rcc.o(.data)
    APBAHBPrescTable                         0x20000a9a   Data          16  stm32f10x_rcc.o(.data)
    ADCPrescTable                            0x20000aaa   Data           4  stm32f10x_rcc.o(.data)
    .bss                                     0x20000ab0   Section       14  lcd.o(.bss)
    .bss                                     0x20000abe   Section     1536  sign.o(.bss)
    .bss                                     0x200010be   Section      200  usart.o(.bss)
    .bss                                     0x20001188   Section       96  libspace.o(.bss)
    HEAP                                     0x200011e8   Section      512  startup_stm32f10x_hd.o(HEAP)
    Heap_Mem                                 0x200011e8   Data         512  startup_stm32f10x_hd.o(HEAP)
    STACK                                    0x200013e8   Section     1024  startup_stm32f10x_hd.o(STACK)
    Stack_Mem                                0x200013e8   Data        1024  startup_stm32f10x_hd.o(STACK)
    __initial_sp                             0x200017e8   Data           0  startup_stm32f10x_hd.o(STACK)

    Global Symbols

    Symbol Name                              Value     Ov Type        Size  Object(Section)

    BuildAttributes$$THM_ISAv4$P$D$K$B$S$PE$A:L22UL41UL21$X:L11$S22US41US21$IEEE1$IW$USESV6$~STKCKD$USESV7$~SHL$OTIME$ROPI$IEEEX$EBA8$UX$STANDARDLIB$REQ8$PRES8$EABIv2 0x00000000   Number         0  anon$$obj.o ABSOLUTE
    __ARM_use_no_argv                        0x00000000   Number         0  main.o ABSOLUTE
    __ARM_exceptions_init                     - Undefined Weak Reference
    __alloca_initialize                       - Undefined Weak Reference
    __arm_preinit_                            - Undefined Weak Reference
    __cpp_initialize__aeabi_                  - Undefined Weak Reference
    __cxa_finalize                            - Undefined Weak Reference
    __rt_locale                               - Undefined Weak Reference
    __sigvec_lookup                           - Undefined Weak Reference
    _atexit_init                              - Undefined Weak Reference
    _call_atexit_fns                          - Undefined Weak Reference
    _clock_init                               - Undefined Weak Reference
    _fp_trap_init                             - Undefined Weak Reference
    _fp_trap_shutdown                         - Undefined Weak Reference
    _get_lc_collate                           - Undefined Weak Reference
    _get_lc_ctype                             - Undefined Weak Reference
    _get_lc_monetary                          - Undefined Weak Reference
    _get_lc_numeric                           - Undefined Weak Reference
    _get_lc_time                              - Undefined Weak Reference
    _getenv_init                              - Undefined Weak Reference
    _handle_redirection                       - Undefined Weak Reference
    _init_alloc                               - Undefined Weak Reference
    _init_user_alloc                          - Undefined Weak Reference
    _initio                                   - Undefined Weak Reference
    _mutex_acquire                            - Undefined Weak Reference
    _mutex_release                            - Undefined Weak Reference
    _printf_post_padding                      - Undefined Weak Reference
    _printf_pre_padding                       - Undefined Weak Reference
    _printf_truncate_signed                   - Undefined Weak Reference
    _printf_truncate_unsigned                 - Undefined Weak Reference
    _rand_init                                - Undefined Weak Reference
    _signal_finish                            - Undefined Weak Reference
    _signal_init                              - Undefined Weak Reference
    _terminate_alloc                          - Undefined Weak Reference
    _terminate_user_alloc                     - Undefined Weak Reference
    _terminateio                              - Undefined Weak Reference
    __Vectors_Size                           0x00000130   Number         0  startup_stm32f10x_hd.o ABSOLUTE
    __Vectors                                0x08000000   Data           4  startup_stm32f10x_hd.o(RESET)
    __Vectors_End                            0x08000130   Data           0  startup_stm32f10x_hd.o(RESET)
    __main                                   0x08000131   Thumb Code     8  __main.o(!!!main)
    __scatterload                            0x08000139   Thumb Code     0  __scatter.o(!!!scatter)
    __scatterload_rt2                        0x08000139   Thumb Code    44  __scatter.o(!!!scatter)
    __scatterload_rt2_thumb_only             0x08000139   Thumb Code     0  __scatter.o(!!!scatter)
    __scatterload_null                       0x08000147   Thumb Code     0  __scatter.o(!!!scatter)
    __decompress                             0x0800016d   Thumb Code    90  __dczerorl2.o(!!dczerorl2)
    __decompress1                            0x0800016d   Thumb Code     0  __dczerorl2.o(!!dczerorl2)
    __scatterload_zeroinit                   0x080001c9   Thumb Code    28  __scatter_zi.o(!!handler_zi)
    _printf_d                                0x080001e5   Thumb Code     0  _printf_d.o(.ARM.Collect$$_printf_percent$$00000009)
    _printf_percent                          0x080001e5   Thumb Code     0  _printf_percent.o(.ARM.Collect$$_printf_percent$$00000000)
    _printf_x                                0x080001eb   Thumb Code     0  _printf_x.o(.ARM.Collect$$_printf_percent$$0000000C)
    _printf_percent_end                      0x080001f1   Thumb Code     0  _printf_percent_end.o(.ARM.Collect$$_printf_percent$$00000017)
    __rt_lib_init                            0x080001f5   Thumb Code     0  libinit.o(.ARM.Collect$$libinit$$00000000)
    __rt_lib_init_alloca_1                   0x080001f7   Thumb Code     0  libinit2.o(.ARM.Collect$$libinit$$0000002E)
    __rt_lib_init_argv_1                     0x080001f7   Thumb Code     0  libinit2.o(.ARM.Collect$$libinit$$0000002C)
    __rt_lib_init_atexit_1                   0x080001f7   Thumb Code     0  libinit2.o(.ARM.Collect$$libinit$$0000001B)
    __rt_lib_init_clock_1                    0x080001f7   Thumb Code     0  libinit2.o(.ARM.Collect$$libinit$$00000021)
    __rt_lib_init_cpp_1                      0x080001f7   Thumb Code     0  libinit2.o(.ARM.Collect$$libinit$$00000032)
    __rt_lib_init_exceptions_1               0x080001f7   Thumb Code     0  libinit2.o(.ARM.Collect$$libinit$$00000030)
    __rt_lib_init_fp_1                       0x080001f7   Thumb Code     0  libinit2.o(.ARM.Collect$$libinit$$00000002)
    __rt_lib_init_fp_trap_1                  0x080001f7   Thumb Code     0  libinit2.o(.ARM.Collect$$libinit$$0000001F)
    __rt_lib_init_getenv_1                   0x080001f7   Thumb Code     0  libinit2.o(.ARM.Collect$$libinit$$00000023)
    __rt_lib_init_heap_1                     0x080001f7   Thumb Code     0  libinit2.o(.ARM.Collect$$libinit$$0000000A)
    __rt_lib_init_lc_collate_1               0x080001f7   Thumb Code     0  libinit2.o(.ARM.Collect$$libinit$$00000011)
    __rt_lib_init_lc_ctype_1                 0x080001f7   Thumb Code     0  libinit2.o(.ARM.Collect$$libinit$$00000013)
    __rt_lib_init_lc_monetary_1              0x080001f7   Thumb Code     0  libinit2.o(.ARM.Collect$$libinit$$00000015)
    __rt_lib_init_lc_numeric_1               0x080001f7   Thumb Code     0  libinit2.o(.ARM.Collect$$libinit$$00000017)
    __rt_lib_init_lc_time_1                  0x080001f7   Thumb Code     0  libinit2.o(.ARM.Collect$$libinit$$00000019)
    __rt_lib_init_preinit_1                  0x080001f7   Thumb Code     0  libinit2.o(.ARM.Collect$$libinit$$00000004)
    __rt_lib_init_rand_1                     0x080001f7   Thumb Code     0  libinit2.o(.ARM.Collect$$libinit$$0000000E)
    __rt_lib_init_return                     0x080001f7   Thumb Code     0  libinit2.o(.ARM.Collect$$libinit$$00000033)
    __rt_lib_init_signal_1                   0x080001f7   Thumb Code     0  libinit2.o(.ARM.Collect$$libinit$$0000001D)
    __rt_lib_init_stdio_1                    0x080001f7   Thumb Code     0  libinit2.o(.ARM.Collect$$libinit$$00000025)
    __rt_lib_init_user_alloc_1               0x080001f7   Thumb Code     0  libinit2.o(.ARM.Collect$$libinit$$0000000C)
    __rt_lib_shutdown                        0x080001f9   Thumb Code     0  libshutdown.o(.ARM.Collect$$libshutdown$$00000000)
    __rt_lib_shutdown_fp_trap_1              0x080001fb   Thumb Code     0  libshutdown2.o(.ARM.Collect$$libshutdown$$00000006)
    __rt_lib_shutdown_heap_1                 0x080001fb   Thumb Code     0  libshutdown2.o(.ARM.Collect$$libshutdown$$0000000E)
    __rt_lib_shutdown_return                 0x080001fb   Thumb Code     0  libshutdown2.o(.ARM.Collect$$libshutdown$$0000000F)
    __rt_lib_shutdown_signal_1               0x080001fb   Thumb Code     0  libshutdown2.o(.ARM.Collect$$libshutdown$$00000009)
    __rt_lib_shutdown_stdio_1                0x080001fb   Thumb Code     0  libshutdown2.o(.ARM.Collect$$libshutdown$$00000003)
    __rt_lib_shutdown_user_alloc_1           0x080001fb   Thumb Code     0  libshutdown2.o(.ARM.Collect$$libshutdown$$0000000B)
    __rt_entry                               0x080001fd   Thumb Code     0  __rtentry.o(.ARM.Collect$$rtentry$$00000000)
    __rt_entry_presh_1                       0x080001fd   Thumb Code     0  __rtentry2.o(.ARM.Collect$$rtentry$$00000002)
    __rt_entry_sh                            0x080001fd   Thumb Code     0  __rtentry4.o(.ARM.Collect$$rtentry$$00000004)
    __rt_entry_li                            0x08000203   Thumb Code     0  __rtentry2.o(.ARM.Collect$$rtentry$$0000000A)
    __rt_entry_postsh_1                      0x08000203   Thumb Code     0  __rtentry2.o(.ARM.Collect$$rtentry$$00000009)
    __rt_entry_main                          0x08000207   Thumb Code     0  __rtentry2.o(.ARM.Collect$$rtentry$$0000000D)
    __rt_entry_postli_1                      0x08000207   Thumb Code     0  __rtentry2.o(.ARM.Collect$$rtentry$$0000000C)
    __rt_exit                                0x0800020f   Thumb Code     0  rtexit.o(.ARM.Collect$$rtexit$$00000000)
    __rt_exit_ls                             0x08000211   Thumb Code     0  rtexit2.o(.ARM.Collect$$rtexit$$00000003)
    __rt_exit_prels_1                        0x08000211   Thumb Code     0  rtexit2.o(.ARM.Collect$$rtexit$$00000002)
    __rt_exit_exit                           0x08000215   Thumb Code     0  rtexit2.o(.ARM.Collect$$rtexit$$00000004)
    main                                     0x0800021d   Thumb Code   278  main.o(.text)
    NMI_Handler                              0x0800034d   Thumb Code     2  stm32f10x_it.o(.text)
    HardFault_Handler                        0x0800034f   Thumb Code     4  stm32f10x_it.o(.text)
    MemManage_Handler                        0x08000353   Thumb Code     4  stm32f10x_it.o(.text)
    BusFault_Handler                         0x08000357   Thumb Code     4  stm32f10x_it.o(.text)
    UsageFault_Handler                       0x0800035b   Thumb Code     4  stm32f10x_it.o(.text)
    SVC_Handler                              0x0800035f   Thumb Code     2  stm32f10x_it.o(.text)
    DebugMon_Handler                         0x08000361   Thumb Code     2  stm32f10x_it.o(.text)
    PendSV_Handler                           0x08000363   Thumb Code     2  stm32f10x_it.o(.text)
    SysTick_Handler                          0x08000365   Thumb Code     2  stm32f10x_it.o(.text)
    SystemInit                               0x08000447   Thumb Code    78  system_stm32f10x.o(.text)
    SystemCoreClockUpdate                    0x08000495   Thumb Code   142  system_stm32f10x.o(.text)
    LED_Init                                 0x08000549   Thumb Code    72  led.o(.text)
    LCD_WR_REG                               0x08000599   Thumb Code    28  lcd.o(.text)
    LCD_WR_DATAX                             0x080005b5   Thumb Code    28  lcd.o(.text)
    LCD_RD_DATA                              0x080005d1   Thumb Code    98  lcd.o(.text)
    LCD_WriteReg                             0x08000633   Thumb Code    40  lcd.o(.text)
    LCD_ReadReg                              0x0800065b   Thumb Code    16  lcd.o(.text)
    LCD_WriteRAM_Prepare                     0x0800066b   Thumb Code    12  lcd.o(.text)
    LCD_WriteRAM                             0x08000677   Thumb Code    28  lcd.o(.text)
    LCD_BGR2RGB                              0x08000693   Thumb Code    26  lcd.o(.text)
    opt_delay                                0x080006ad   Thumb Code    14  lcd.o(.text)
    LCD_SetCursor                            0x080006bb   Thumb Code   188  lcd.o(.text)
    LCD_ReadPoint                            0x08000777   Thumb Code   316  lcd.o(.text)
    LCD_DisplayOn                            0x080008b3   Thumb Code    34  lcd.o(.text)
    LCD_DisplayOff                           0x080008d5   Thumb Code    32  lcd.o(.text)
    LCD_Scan_Dir                             0x080008f5   Thumb Code   966  lcd.o(.text)
    LCD_DrawPoint                            0x08000cbb   Thumb Code    52  lcd.o(.text)
    LCD_Fast_DrawPoint                       0x08000cef   Thumb Code   262  lcd.o(.text)
    LCD_SSD_BackLightSet                     0x08000df5   Thumb Code   198  lcd.o(.text)
    LCD_Display_Dir                          0x08000ebb   Thumb Code   206  lcd.o(.text)
    LCD_Set_Window                           0x08000f89   Thumb Code   382  lcd.o(.text)
    LCD_Clear                                0x08001107   Thumb Code   122  lcd.o(.text)
    LCD_Init                                 0x08001181   Thumb Code   818  lcd.o(.text)
    LCD_Fill                                 0x080014b3   Thumb Code   202  lcd.o(.text)
    LCD_Color_Fill                           0x0800157d   Thumb Code   150  lcd.o(.text)
    LCD_DrawLine                             0x08001613   Thumb Code   176  lcd.o(.text)
    LCD_DrawRectangle                        0x080016c3   Thumb Code    60  lcd.o(.text)
    LCD_Draw_Circle                          0x080016ff   Thumb Code   152  lcd.o(.text)
    LCD_ShowChar                             0x08001797   Thumb Code   272  lcd.o(.text)
    LCD_Pow                                  0x080018a7   Thumb Code    22  lcd.o(.text)
    LCD_ShowNum                              0x080018bd   Thumb Code   148  lcd.o(.text)
    LCD_ShowxNum                             0x08001951   Thumb Code   224  lcd.o(.text)
    LCD_ShowString                           0x08001a31   Thumb Code   102  lcd.o(.text)
    PutHZ1616                                0x08001a97   Thumb Code   200  lcd.o(.text)
    showhz16str                              0x08001b5f   Thumb Code   100  lcd.o(.text)
    PutHZ3232                                0x08001bc3   Thumb Code   200  lcd.o(.text)
    showhz32str                              0x08001c8b   Thumb Code    56  lcd.o(.text)
    LCD_Draw_Picture                         0x08001cc3   Thumb Code   122  lcd.o(.text)
    KEY_Init                                 0x08001d55   Thumb Code   160  key.o(.text)
    KEY_Scan                                 0x08001df5   Thumb Code   146  key.o(.text)
    Sine_Wave_Data                           0x08001e99   Thumb Code   148  sign.o(.text)
    Triangular_Wave_Data                     0x08001f2d   Thumb Code   172  sign.o(.text)
    Square_Wave_Data                         0x08001fd9   Thumb Code    76  sign.o(.text)
    Wave_GPIO_Config                         0x08002025   Thumb Code    38  sign.o(.text)
    Wave_DAC_Config                          0x0800204b   Thumb Code    54  sign.o(.text)
    Wave_TIM_Config                          0x08002081   Thumb Code    54  sign.o(.text)
    Sine_Wave_DMA_Config                     0x080020b7   Thumb Code    84  sign.o(.text)
    Triangular_Wave_DMA_Config               0x0800210b   Thumb Code    84  sign.o(.text)
    Square_Wave_DMA_Config                   0x0800215f   Thumb Code    84  sign.o(.text)
    Sine_Wave_Init                           0x080021b3   Thumb Code    52  sign.o(.text)
    Triangular_Wave_Init                     0x080021e7   Thumb Code    52  sign.o(.text)
    Square_Wave_Init                         0x0800221b   Thumb Code    52  sign.o(.text)
    paj7620u2_selectBank                     0x08002281   Thumb Code    36  paj7620u2.o(.text)
    paj7620u2_wakeup                         0x080022a5   Thumb Code    50  paj7620u2.o(.text)
    paj7620u2_init                           0x080022d7   Thumb Code    64  paj7620u2.o(.text)
    paj7620u2_test_ui                        0x08002317   Thumb Code    70  paj7620u2.o(.text)
    Gesture_test                             0x0800235d   Thumb Code   458  paj7620u2.o(.text)
    Gesture_test_sine                        0x08002527   Thumb Code  1484  paj7620u2.o(.text)
    Ps_test                                  0x08002af3   Thumb Code   324  paj7620u2.o(.text)
    paj7620u2_sensor_test                    0x08002c37   Thumb Code    78  paj7620u2.o(.text)
    GS_i2c_init                              0x08002ddd   Thumb Code    50  paj7620u2_iic.o(.text)
    GS_Write_Byte                            0x08003043   Thumb Code    58  paj7620u2_iic.o(.text)
    GS_Read_Byte                             0x0800307d   Thumb Code    68  paj7620u2_iic.o(.text)
    GS_Read_nByte                            0x080030c1   Thumb Code    98  paj7620u2_iic.o(.text)
    GS_WakeUp                                0x08003123   Thumb Code    18  paj7620u2_iic.o(.text)
    delay_init                               0x08003141   Thumb Code    50  delay.o(.text)
    delay_us                                 0x08003173   Thumb Code    72  delay.o(.text)
    delay_ms                                 0x080031bb   Thumb Code    72  delay.o(.text)
    _sys_exit                                0x08003215   Thumb Code     4  usart.o(.text)
    fputc                                    0x08003219   Thumb Code    24  usart.o(.text)
    uart_init                                0x08003231   Thumb Code   152  usart.o(.text)
    USART1_IRQHandler                        0x080032c9   Thumb Code   122  usart.o(.text)
    Reset_Handler                            0x08003355   Thumb Code     8  startup_stm32f10x_hd.o(.text)
    ADC1_2_IRQHandler                        0x0800336f   Thumb Code     0  startup_stm32f10x_hd.o(.text)
    ADC3_IRQHandler                          0x0800336f   Thumb Code     0  startup_stm32f10x_hd.o(.text)
    CAN1_RX1_IRQHandler                      0x0800336f   Thumb Code     0  startup_stm32f10x_hd.o(.text)
    CAN1_SCE_IRQHandler                      0x0800336f   Thumb Code     0  startup_stm32f10x_hd.o(.text)
    DMA1_Channel1_IRQHandler                 0x0800336f   Thumb Code     0  startup_stm32f10x_hd.o(.text)
    DMA1_Channel2_IRQHandler                 0x0800336f   Thumb Code     0  startup_stm32f10x_hd.o(.text)
    DMA1_Channel3_IRQHandler                 0x0800336f   Thumb Code     0  startup_stm32f10x_hd.o(.text)
    DMA1_Channel4_IRQHandler                 0x0800336f   Thumb Code     0  startup_stm32f10x_hd.o(.text)
    DMA1_Channel5_IRQHandler                 0x0800336f   Thumb Code     0  startup_stm32f10x_hd.o(.text)
    DMA1_Channel6_IRQHandler                 0x0800336f   Thumb Code     0  startup_stm32f10x_hd.o(.text)
    DMA1_Channel7_IRQHandler                 0x0800336f   Thumb Code     0  startup_stm32f10x_hd.o(.text)
    DMA2_Channel1_IRQHandler                 0x0800336f   Thumb Code     0  startup_stm32f10x_hd.o(.text)
    DMA2_Channel2_IRQHandler                 0x0800336f   Thumb Code     0  startup_stm32f10x_hd.o(.text)
    DMA2_Channel3_IRQHandler                 0x0800336f   Thumb Code     0  startup_stm32f10x_hd.o(.text)
    DMA2_Channel4_5_IRQHandler               0x0800336f   Thumb Code     0  startup_stm32f10x_hd.o(.text)
    EXTI0_IRQHandler                         0x0800336f   Thumb Code     0  startup_stm32f10x_hd.o(.text)
    EXTI15_10_IRQHandler                     0x0800336f   Thumb Code     0  startup_stm32f10x_hd.o(.text)
    EXTI1_IRQHandler                         0x0800336f   Thumb Code     0  startup_stm32f10x_hd.o(.text)
    EXTI2_IRQHandler                         0x0800336f   Thumb Code     0  startup_stm32f10x_hd.o(.text)
    EXTI3_IRQHandler                         0x0800336f   Thumb Code     0  startup_stm32f10x_hd.o(.text)
    EXTI4_IRQHandler                         0x0800336f   Thumb Code     0  startup_stm32f10x_hd.o(.text)
    EXTI9_5_IRQHandler                       0x0800336f   Thumb Code     0  startup_stm32f10x_hd.o(.text)
    FLASH_IRQHandler                         0x0800336f   Thumb Code     0  startup_stm32f10x_hd.o(.text)
    FSMC_IRQHandler                          0x0800336f   Thumb Code     0  startup_stm32f10x_hd.o(.text)
    I2C1_ER_IRQHandler                       0x0800336f   Thumb Code     0  startup_stm32f10x_hd.o(.text)
    I2C1_EV_IRQHandler                       0x0800336f   Thumb Code     0  startup_stm32f10x_hd.o(.text)
    I2C2_ER_IRQHandler                       0x0800336f   Thumb Code     0  startup_stm32f10x_hd.o(.text)
    I2C2_EV_IRQHandler                       0x0800336f   Thumb Code     0  startup_stm32f10x_hd.o(.text)
    PVD_IRQHandler                           0x0800336f   Thumb Code     0  startup_stm32f10x_hd.o(.text)
    RCC_IRQHandler                           0x0800336f   Thumb Code     0  startup_stm32f10x_hd.o(.text)
    RTCAlarm_IRQHandler                      0x0800336f   Thumb Code     0  startup_stm32f10x_hd.o(.text)
    RTC_IRQHandler                           0x0800336f   Thumb Code     0  startup_stm32f10x_hd.o(.text)
    SDIO_IRQHandler                          0x0800336f   Thumb Code     0  startup_stm32f10x_hd.o(.text)
    SPI1_IRQHandler                          0x0800336f   Thumb Code     0  startup_stm32f10x_hd.o(.text)
    SPI2_IRQHandler                          0x0800336f   Thumb Code     0  startup_stm32f10x_hd.o(.text)
    SPI3_IRQHandler                          0x0800336f   Thumb Code     0  startup_stm32f10x_hd.o(.text)
    TAMPER_IRQHandler                        0x0800336f   Thumb Code     0  startup_stm32f10x_hd.o(.text)
    TIM1_BRK_IRQHandler                      0x0800336f   Thumb Code     0  startup_stm32f10x_hd.o(.text)
    TIM1_CC_IRQHandler                       0x0800336f   Thumb Code     0  startup_stm32f10x_hd.o(.text)
    TIM1_TRG_COM_IRQHandler                  0x0800336f   Thumb Code     0  startup_stm32f10x_hd.o(.text)
    TIM1_UP_IRQHandler                       0x0800336f   Thumb Code     0  startup_stm32f10x_hd.o(.text)
    TIM2_IRQHandler                          0x0800336f   Thumb Code     0  startup_stm32f10x_hd.o(.text)
    TIM3_IRQHandler                          0x0800336f   Thumb Code     0  startup_stm32f10x_hd.o(.text)
    TIM4_IRQHandler                          0x0800336f   Thumb Code     0  startup_stm32f10x_hd.o(.text)
    TIM5_IRQHandler                          0x0800336f   Thumb Code     0  startup_stm32f10x_hd.o(.text)
    TIM6_IRQHandler                          0x0800336f   Thumb Code     0  startup_stm32f10x_hd.o(.text)
    TIM7_IRQHandler                          0x0800336f   Thumb Code     0  startup_stm32f10x_hd.o(.text)
    TIM8_BRK_IRQHandler                      0x0800336f   Thumb Code     0  startup_stm32f10x_hd.o(.text)
    TIM8_CC_IRQHandler                       0x0800336f   Thumb Code     0  startup_stm32f10x_hd.o(.text)
    TIM8_TRG_COM_IRQHandler                  0x0800336f   Thumb Code     0  startup_stm32f10x_hd.o(.text)
    TIM8_UP_IRQHandler                       0x0800336f   Thumb Code     0  startup_stm32f10x_hd.o(.text)
    UART4_IRQHandler                         0x0800336f   Thumb Code     0  startup_stm32f10x_hd.o(.text)
    UART5_IRQHandler                         0x0800336f   Thumb Code     0  startup_stm32f10x_hd.o(.text)
    USART2_IRQHandler                        0x0800336f   Thumb Code     0  startup_stm32f10x_hd.o(.text)
    USART3_IRQHandler                        0x0800336f   Thumb Code     0  startup_stm32f10x_hd.o(.text)
    USBWakeUp_IRQHandler                     0x0800336f   Thumb Code     0  startup_stm32f10x_hd.o(.text)
    USB_HP_CAN1_TX_IRQHandler                0x0800336f   Thumb Code     0  startup_stm32f10x_hd.o(.text)
    USB_LP_CAN1_RX0_IRQHandler               0x0800336f   Thumb Code     0  startup_stm32f10x_hd.o(.text)
    WWDG_IRQHandler                          0x0800336f   Thumb Code     0  startup_stm32f10x_hd.o(.text)
    __user_initial_stackheap                 0x08003371   Thumb Code     0  startup_stm32f10x_hd.o(.text)
    GPIO_DeInit                              0x08003395   Thumb Code   172  stm32f10x_gpio.o(.text)
    GPIO_AFIODeInit                          0x08003441   Thumb Code    20  stm32f10x_gpio.o(.text)
    GPIO_Init                                0x08003455   Thumb Code   278  stm32f10x_gpio.o(.text)
    GPIO_StructInit                          0x0800356b   Thumb Code    16  stm32f10x_gpio.o(.text)
    GPIO_ReadInputDataBit                    0x0800357b   Thumb Code    18  stm32f10x_gpio.o(.text)
    GPIO_ReadInputData                       0x0800358d   Thumb Code     8  stm32f10x_gpio.o(.text)
    GPIO_ReadOutputDataBit                   0x08003595   Thumb Code    18  stm32f10x_gpio.o(.text)
    GPIO_ReadOutputData                      0x080035a7   Thumb Code     8  stm32f10x_gpio.o(.text)
    GPIO_SetBits                             0x080035af   Thumb Code     4  stm32f10x_gpio.o(.text)
    GPIO_ResetBits                           0x080035b3   Thumb Code     4  stm32f10x_gpio.o(.text)
    GPIO_WriteBit                            0x080035b7   Thumb Code    10  stm32f10x_gpio.o(.text)
    GPIO_Write                               0x080035c1   Thumb Code     4  stm32f10x_gpio.o(.text)
    GPIO_PinLockConfig                       0x080035c5   Thumb Code    18  stm32f10x_gpio.o(.text)
    GPIO_EventOutputConfig                   0x080035d7   Thumb Code    26  stm32f10x_gpio.o(.text)
    GPIO_EventOutputCmd                      0x080035f1   Thumb Code     6  stm32f10x_gpio.o(.text)
    GPIO_PinRemapConfig                      0x080035f7   Thumb Code   138  stm32f10x_gpio.o(.text)
    GPIO_EXTILineConfig                      0x08003681   Thumb Code    66  stm32f10x_gpio.o(.text)
    GPIO_ETH_MediaInterfaceConfig            0x080036c3   Thumb Code     8  stm32f10x_gpio.o(.text)
    RCC_DeInit                               0x080036f1   Thumb Code    64  stm32f10x_rcc.o(.text)
    RCC_HSEConfig                            0x08003731   Thumb Code    70  stm32f10x_rcc.o(.text)
    RCC_GetFlagStatus                        0x08003777   Thumb Code    56  stm32f10x_rcc.o(.text)
    RCC_WaitForHSEStartUp                    0x080037af   Thumb Code    56  stm32f10x_rcc.o(.text)
    RCC_AdjustHSICalibrationValue            0x080037e7   Thumb Code    20  stm32f10x_rcc.o(.text)
    RCC_HSICmd                               0x080037fb   Thumb Code     6  stm32f10x_rcc.o(.text)
    RCC_PLLConfig                            0x08003801   Thumb Code    24  stm32f10x_rcc.o(.text)
    RCC_PLLCmd                               0x08003819   Thumb Code     6  stm32f10x_rcc.o(.text)
    RCC_SYSCLKConfig                         0x0800381f   Thumb Code    18  stm32f10x_rcc.o(.text)
    RCC_GetSYSCLKSource                      0x08003831   Thumb Code    10  stm32f10x_rcc.o(.text)
    RCC_HCLKConfig                           0x0800383b   Thumb Code    18  stm32f10x_rcc.o(.text)
    RCC_PCLK1Config                          0x0800384d   Thumb Code    18  stm32f10x_rcc.o(.text)
    RCC_PCLK2Config                          0x0800385f   Thumb Code    20  stm32f10x_rcc.o(.text)
    RCC_ITConfig                             0x08003873   Thumb Code    26  stm32f10x_rcc.o(.text)
    RCC_USBCLKConfig                         0x0800388d   Thumb Code     8  stm32f10x_rcc.o(.text)
    RCC_ADCCLKConfig                         0x08003895   Thumb Code    18  stm32f10x_rcc.o(.text)
    RCC_LSEConfig                            0x080038a7   Thumb Code    50  stm32f10x_rcc.o(.text)
    RCC_LSICmd                               0x080038d9   Thumb Code     6  stm32f10x_rcc.o(.text)
    RCC_RTCCLKConfig                         0x080038df   Thumb Code    12  stm32f10x_rcc.o(.text)
    RCC_RTCCLKCmd                            0x080038eb   Thumb Code     8  stm32f10x_rcc.o(.text)
    RCC_GetClocksFreq                        0x080038f3   Thumb Code   192  stm32f10x_rcc.o(.text)
    RCC_AHBPeriphClockCmd                    0x080039b3   Thumb Code    26  stm32f10x_rcc.o(.text)
    RCC_APB2PeriphClockCmd                   0x080039cd   Thumb Code    26  stm32f10x_rcc.o(.text)
    RCC_APB1PeriphClockCmd                   0x080039e7   Thumb Code    26  stm32f10x_rcc.o(.text)
    RCC_APB2PeriphResetCmd                   0x08003a01   Thumb Code    26  stm32f10x_rcc.o(.text)
    RCC_APB1PeriphResetCmd                   0x08003a1b   Thumb Code    26  stm32f10x_rcc.o(.text)
    RCC_BackupResetCmd                       0x08003a35   Thumb Code     8  stm32f10x_rcc.o(.text)
    RCC_ClockSecuritySystemCmd               0x08003a3d   Thumb Code     6  stm32f10x_rcc.o(.text)
    RCC_MCOConfig                            0x08003a43   Thumb Code     6  stm32f10x_rcc.o(.text)
    RCC_ClearFlag                            0x08003a49   Thumb Code    14  stm32f10x_rcc.o(.text)
    RCC_GetITStatus                          0x08003a57   Thumb Code    20  stm32f10x_rcc.o(.text)
    RCC_ClearITPendingBit                    0x08003a6b   Thumb Code     6  stm32f10x_rcc.o(.text)
    USART_DeInit                             0x08003a95   Thumb Code   134  stm32f10x_usart.o(.text)
    USART_Init                               0x08003b1b   Thumb Code   210  stm32f10x_usart.o(.text)
    USART_StructInit                         0x08003bed   Thumb Code    24  stm32f10x_usart.o(.text)
    USART_ClockInit                          0x08003c05   Thumb Code    34  stm32f10x_usart.o(.text)
    USART_ClockStructInit                    0x08003c27   Thumb Code    12  stm32f10x_usart.o(.text)
    USART_Cmd                                0x08003c33   Thumb Code    24  stm32f10x_usart.o(.text)
    USART_ITConfig                           0x08003c4b   Thumb Code    74  stm32f10x_usart.o(.text)
    USART_DMACmd                             0x08003c95   Thumb Code    18  stm32f10x_usart.o(.text)
    USART_SetAddress                         0x08003ca7   Thumb Code    18  stm32f10x_usart.o(.text)
    USART_WakeUpConfig                       0x08003cb9   Thumb Code    18  stm32f10x_usart.o(.text)
    USART_ReceiverWakeUpCmd                  0x08003ccb   Thumb Code    24  stm32f10x_usart.o(.text)
    USART_LINBreakDetectLengthConfig         0x08003ce3   Thumb Code    18  stm32f10x_usart.o(.text)
    USART_LINCmd                             0x08003cf5   Thumb Code    24  stm32f10x_usart.o(.text)
    USART_SendData                           0x08003d0d   Thumb Code     8  stm32f10x_usart.o(.text)
    USART_ReceiveData                        0x08003d15   Thumb Code    10  stm32f10x_usart.o(.text)
    USART_SendBreak                          0x08003d1f   Thumb Code    10  stm32f10x_usart.o(.text)
    USART_SetGuardTime                       0x08003d29   Thumb Code    16  stm32f10x_usart.o(.text)
    USART_SetPrescaler                       0x08003d39   Thumb Code    16  stm32f10x_usart.o(.text)
    USART_SmartCardCmd                       0x08003d49   Thumb Code    24  stm32f10x_usart.o(.text)
    USART_SmartCardNACKCmd                   0x08003d61   Thumb Code    24  stm32f10x_usart.o(.text)
    USART_HalfDuplexCmd                      0x08003d79   Thumb Code    24  stm32f10x_usart.o(.text)
    USART_OverSampling8Cmd                   0x08003d91   Thumb Code    22  stm32f10x_usart.o(.text)
    USART_OneBitMethodCmd                    0x08003da7   Thumb Code    24  stm32f10x_usart.o(.text)
    USART_IrDAConfig                         0x08003dbf   Thumb Code    18  stm32f10x_usart.o(.text)
    USART_IrDACmd                            0x08003dd1   Thumb Code    24  stm32f10x_usart.o(.text)
    USART_GetFlagStatus                      0x08003de9   Thumb Code    26  stm32f10x_usart.o(.text)
    USART_ClearFlag                          0x08003e03   Thumb Code    18  stm32f10x_usart.o(.text)
    USART_GetITStatus                        0x08003e15   Thumb Code    84  stm32f10x_usart.o(.text)
    USART_ClearITPendingBit                  0x08003e69   Thumb Code    52  stm32f10x_usart.o(.text)
    NVIC_PriorityGroupConfig                 0x08003e9d   Thumb Code    10  misc.o(.text)
    NVIC_Init                                0x08003ea7   Thumb Code   100  misc.o(.text)
    NVIC_SetVectorTable                      0x08003f0b   Thumb Code    14  misc.o(.text)
    NVIC_SystemLPConfig                      0x08003f19   Thumb Code    34  misc.o(.text)
    SysTick_CLKSourceConfig                  0x08003f3b   Thumb Code    40  misc.o(.text)
    DAC_DeInit                               0x08003f79   Thumb Code    22  stm32f10x_dac.o(.text)
    DAC_Init                                 0x08003f8f   Thumb Code    46  stm32f10x_dac.o(.text)
    DAC_StructInit                           0x08003fbd   Thumb Code    12  stm32f10x_dac.o(.text)
    DAC_Cmd                                  0x08003fc9   Thumb Code    34  stm32f10x_dac.o(.text)
    DAC_DMACmd                               0x08003feb   Thumb Code    38  stm32f10x_dac.o(.text)
    DAC_SoftwareTriggerCmd                   0x08004011   Thumb Code    48  stm32f10x_dac.o(.text)
    DAC_DualSoftwareTriggerCmd               0x08004041   Thumb Code    38  stm32f10x_dac.o(.text)
    DAC_WaveGenerationCmd                    0x08004067   Thumb Code    36  stm32f10x_dac.o(.text)
    DAC_SetChannel1Data                      0x0800408b   Thumb Code    26  stm32f10x_dac.o(.text)
    DAC_SetChannel2Data                      0x080040a5   Thumb Code    26  stm32f10x_dac.o(.text)
    DAC_SetDualChannelData                   0x080040bf   Thumb Code    32  stm32f10x_dac.o(.text)
    DAC_GetDataOutputValue                   0x080040df   Thumb Code    32  stm32f10x_dac.o(.text)
    DMA_DeInit                               0x08004105   Thumb Code   324  stm32f10x_dma.o(.text)
    DMA_Init                                 0x08004249   Thumb Code    60  stm32f10x_dma.o(.text)
    DMA_StructInit                           0x08004285   Thumb Code    26  stm32f10x_dma.o(.text)
    DMA_Cmd                                  0x0800429f   Thumb Code    24  stm32f10x_dma.o(.text)
    DMA_ITConfig                             0x080042b7   Thumb Code    18  stm32f10x_dma.o(.text)
    DMA_SetCurrDataCounter                   0x080042c9   Thumb Code     4  stm32f10x_dma.o(.text)
    DMA_GetCurrDataCounter                   0x080042cd   Thumb Code     8  stm32f10x_dma.o(.text)
    DMA_GetFlagStatus                        0x080042d5   Thumb Code    40  stm32f10x_dma.o(.text)
    DMA_ClearFlag                            0x080042fd   Thumb Code    22  stm32f10x_dma.o(.text)
    DMA_GetITStatus                          0x08004313   Thumb Code    40  stm32f10x_dma.o(.text)
    DMA_ClearITPendingBit                    0x0800433b   Thumb Code    22  stm32f10x_dma.o(.text)
    TIM_DeInit                               0x08004359   Thumb Code   424  stm32f10x_tim.o(.text)
    TIM_TimeBaseInit                         0x08004501   Thumb Code   122  stm32f10x_tim.o(.text)
    TIM_OC1Init                              0x0800457b   Thumb Code   132  stm32f10x_tim.o(.text)
    TIM_OC2Init                              0x080045ff   Thumb Code   154  stm32f10x_tim.o(.text)
    TIM_OC3Init                              0x08004699   Thumb Code   150  stm32f10x_tim.o(.text)
    TIM_OC4Init                              0x0800472f   Thumb Code   182  stm32f10x_tim.o(.text)
    TIM_SetIC4Prescaler                      0x080047e5   Thumb Code    26  stm32f10x_tim.o(.text)
    TIM_SetIC3Prescaler                      0x08004881   Thumb Code    18  stm32f10x_tim.o(.text)
    TIM_SetIC2Prescaler                      0x0800490d   Thumb Code    26  stm32f10x_tim.o(.text)
    TIM_SetIC1Prescaler                      0x080049a9   Thumb Code    18  stm32f10x_tim.o(.text)
    TIM_ICInit                               0x08004a27   Thumb Code   150  stm32f10x_tim.o(.text)
    TIM_PWMIConfig                           0x08004abd   Thumb Code   124  stm32f10x_tim.o(.text)
    TIM_BDTRConfig                           0x08004b39   Thumb Code    32  stm32f10x_tim.o(.text)
    TIM_TimeBaseStructInit                   0x08004b59   Thumb Code    18  stm32f10x_tim.o(.text)
    TIM_OCStructInit                         0x08004b6b   Thumb Code    20  stm32f10x_tim.o(.text)
    TIM_ICStructInit                         0x08004b7f   Thumb Code    18  stm32f10x_tim.o(.text)
    TIM_BDTRStructInit                       0x08004b91   Thumb Code    40  stm32f10x_tim.o(.text)
    TIM_Cmd                                  0x08004bb9   Thumb Code    24  stm32f10x_tim.o(.text)
    TIM_CtrlPWMOutputs                       0x08004bd1   Thumb Code    30  stm32f10x_tim.o(.text)
    TIM_ITConfig                             0x08004bef   Thumb Code    18  stm32f10x_tim.o(.text)
    TIM_GenerateEvent                        0x08004c01   Thumb Code     4  stm32f10x_tim.o(.text)
    TIM_DMAConfig                            0x08004c05   Thumb Code    10  stm32f10x_tim.o(.text)
    TIM_DMACmd                               0x08004c0f   Thumb Code    18  stm32f10x_tim.o(.text)
    TIM_InternalClockConfig                  0x08004c21   Thumb Code    12  stm32f10x_tim.o(.text)
    TIM_SelectInputTrigger                   0x08004c2d   Thumb Code    18  stm32f10x_tim.o(.text)
    TIM_ITRxExternalClockConfig              0x08004c3f   Thumb Code    24  stm32f10x_tim.o(.text)
    TIM_TIxExternalClockConfig               0x08004c57   Thumb Code    62  stm32f10x_tim.o(.text)
    TIM_ETRConfig                            0x08004c95   Thumb Code    28  stm32f10x_tim.o(.text)
    TIM_ETRClockMode1Config                  0x08004cb1   Thumb Code    54  stm32f10x_tim.o(.text)
    TIM_ETRClockMode2Config                  0x08004ce7   Thumb Code    32  stm32f10x_tim.o(.text)
    TIM_PrescalerConfig                      0x08004d07   Thumb Code     6  stm32f10x_tim.o(.text)
    TIM_CounterModeConfig                    0x08004d0d   Thumb Code    18  stm32f10x_tim.o(.text)
    TIM_EncoderInterfaceConfig               0x08004d1f   Thumb Code    66  stm32f10x_tim.o(.text)
    TIM_ForcedOC1Config                      0x08004d61   Thumb Code    18  stm32f10x_tim.o(.text)
    TIM_ForcedOC2Config                      0x08004d73   Thumb Code    26  stm32f10x_tim.o(.text)
    TIM_ForcedOC3Config                      0x08004d8d   Thumb Code    18  stm32f10x_tim.o(.text)
    TIM_ForcedOC4Config                      0x08004d9f   Thumb Code    26  stm32f10x_tim.o(.text)
    TIM_ARRPreloadConfig                     0x08004db9   Thumb Code    24  stm32f10x_tim.o(.text)
    TIM_SelectCOM                            0x08004dd1   Thumb Code    24  stm32f10x_tim.o(.text)
    TIM_SelectCCDMA                          0x08004de9   Thumb Code    24  stm32f10x_tim.o(.text)
    TIM_CCPreloadControl                     0x08004e01   Thumb Code    24  stm32f10x_tim.o(.text)
    TIM_OC1PreloadConfig                     0x08004e19   Thumb Code    18  stm32f10x_tim.o(.text)
    TIM_OC2PreloadConfig                     0x08004e2b   Thumb Code    26  stm32f10x_tim.o(.text)
    TIM_OC3PreloadConfig                     0x08004e45   Thumb Code    18  stm32f10x_tim.o(.text)
    TIM_OC4PreloadConfig                     0x08004e57   Thumb Code    26  stm32f10x_tim.o(.text)
    TIM_OC1FastConfig                        0x08004e71   Thumb Code    18  stm32f10x_tim.o(.text)
    TIM_OC2FastConfig                        0x08004e83   Thumb Code    26  stm32f10x_tim.o(.text)
    TIM_OC3FastConfig                        0x08004e9d   Thumb Code    18  stm32f10x_tim.o(.text)
    TIM_OC4FastConfig                        0x08004eaf   Thumb Code    26  stm32f10x_tim.o(.text)
    TIM_ClearOC1Ref                          0x08004ec9   Thumb Code    18  stm32f10x_tim.o(.text)
    TIM_ClearOC2Ref                          0x08004edb   Thumb Code    24  stm32f10x_tim.o(.text)
    TIM_ClearOC3Ref                          0x08004ef3   Thumb Code    18  stm32f10x_tim.o(.text)
    TIM_ClearOC4Ref                          0x08004f05   Thumb Code    24  stm32f10x_tim.o(.text)
    TIM_OC1PolarityConfig                    0x08004f1d   Thumb Code    18  stm32f10x_tim.o(.text)
    TIM_OC1NPolarityConfig                   0x08004f2f   Thumb Code    18  stm32f10x_tim.o(.text)
    TIM_OC2PolarityConfig                    0x08004f41   Thumb Code    26  stm32f10x_tim.o(.text)
    TIM_OC2NPolarityConfig                   0x08004f5b   Thumb Code    26  stm32f10x_tim.o(.text)
    TIM_OC3PolarityConfig                    0x08004f75   Thumb Code    26  stm32f10x_tim.o(.text)
    TIM_OC3NPolarityConfig                   0x08004f8f   Thumb Code    26  stm32f10x_tim.o(.text)
    TIM_OC4PolarityConfig                    0x08004fa9   Thumb Code    26  stm32f10x_tim.o(.text)
    TIM_CCxCmd                               0x08004fc3   Thumb Code    30  stm32f10x_tim.o(.text)
    TIM_CCxNCmd                              0x08004fe1   Thumb Code    30  stm32f10x_tim.o(.text)
    TIM_SelectOCxM                           0x08004fff   Thumb Code    82  stm32f10x_tim.o(.text)
    TIM_UpdateDisableConfig                  0x08005051   Thumb Code    24  stm32f10x_tim.o(.text)
    TIM_UpdateRequestConfig                  0x08005069   Thumb Code    24  stm32f10x_tim.o(.text)
    TIM_SelectHallSensor                     0x08005081   Thumb Code    24  stm32f10x_tim.o(.text)
    TIM_SelectOnePulseMode                   0x08005099   Thumb Code    18  stm32f10x_tim.o(.text)
    TIM_SelectOutputTrigger                  0x080050ab   Thumb Code    18  stm32f10x_tim.o(.text)
    TIM_SelectSlaveMode                      0x080050bd   Thumb Code    18  stm32f10x_tim.o(.text)
    TIM_SelectMasterSlaveMode                0x080050cf   Thumb Code    18  stm32f10x_tim.o(.text)
    TIM_SetCounter                           0x080050e1   Thumb Code     4  stm32f10x_tim.o(.text)
    TIM_SetAutoreload                        0x080050e5   Thumb Code     4  stm32f10x_tim.o(.text)
    TIM_SetCompare1                          0x080050e9   Thumb Code     4  stm32f10x_tim.o(.text)
    TIM_SetCompare2                          0x080050ed   Thumb Code     4  stm32f10x_tim.o(.text)
    TIM_SetCompare3                          0x080050f1   Thumb Code     4  stm32f10x_tim.o(.text)
    TIM_SetCompare4                          0x080050f5   Thumb Code     6  stm32f10x_tim.o(.text)
    TIM_SetClockDivision                     0x080050fb   Thumb Code    18  stm32f10x_tim.o(.text)
    TIM_GetCapture1                          0x0800510d   Thumb Code     6  stm32f10x_tim.o(.text)
    TIM_GetCapture2                          0x08005113   Thumb Code     6  stm32f10x_tim.o(.text)
    TIM_GetCapture3                          0x08005119   Thumb Code     6  stm32f10x_tim.o(.text)
    TIM_GetCapture4                          0x0800511f   Thumb Code     8  stm32f10x_tim.o(.text)
    TIM_GetCounter                           0x08005127   Thumb Code     6  stm32f10x_tim.o(.text)
    TIM_GetPrescaler                         0x0800512d   Thumb Code     6  stm32f10x_tim.o(.text)
    TIM_GetFlagStatus                        0x08005133   Thumb Code    18  stm32f10x_tim.o(.text)
    TIM_ClearFlag                            0x08005145   Thumb Code     6  stm32f10x_tim.o(.text)
    TIM_GetITStatus                          0x0800514b   Thumb Code    34  stm32f10x_tim.o(.text)
    TIM_ClearITPendingBit                    0x0800516d   Thumb Code     6  stm32f10x_tim.o(.text)
    __use_no_semihosting                     0x08005173   Thumb Code     2  use_no_semi_2.o(.text)
    __2printf                                0x08005175   Thumb Code    20  noretval__2printf.o(.text)
    __printf                                 0x0800518d   Thumb Code   104  __printf.o(.text)
    _printf_int_dec                          0x080051f5   Thumb Code   104  _printf_dec.o(.text)
    _printf_int_hex                          0x0800526d   Thumb Code    84  _printf_hex_int.o(.text)
    _printf_longlong_hex                     0x0800526d   Thumb Code     0  _printf_hex_int.o(.text)
    __use_two_region_memory                  0x080052c5   Thumb Code     2  heapauxi.o(.text)
    __rt_heap_escrow$2region                 0x080052c7   Thumb Code     2  heapauxi.o(.text)
    __rt_heap_expand$2region                 0x080052c9   Thumb Code     2  heapauxi.o(.text)
    __I$use$semihosting                      0x080052cb   Thumb Code     0  use_no_semi.o(.text)
    __use_no_semihosting_swi                 0x080052cb   Thumb Code     2  use_no_semi.o(.text)
    __read_errno                             0x080052cd   Thumb Code    10  _rserrno.o(.text)
    __set_errno                              0x080052d7   Thumb Code    12  _rserrno.o(.text)
    _printf_int_common                       0x080052e3   Thumb Code   178  _printf_intcommon.o(.text)
    _printf_char_file                        0x08005395   Thumb Code    32  _printf_char_file.o(.text)
    __aeabi_errno_addr                       0x080053b9   Thumb Code     8  rt_errno_addr_intlibspace.o(.text)
    __errno$intlibspace                      0x080053b9   Thumb Code     0  rt_errno_addr_intlibspace.o(.text)
    __rt_errno_addr$intlibspace              0x080053b9   Thumb Code     0  rt_errno_addr_intlibspace.o(.text)
    _printf_char_common                      0x080053cb   Thumb Code    32  _printf_char_common.o(.text)
    ferror                                   0x080053f1   Thumb Code     8  ferror.o(.text)
    __user_libspace                          0x080053f9   Thumb Code     8  libspace.o(.text)
    __user_perproc_libspace                  0x080053f9   Thumb Code     0  libspace.o(.text)
    __user_perthread_libspace                0x080053f9   Thumb Code     0  libspace.o(.text)
    __user_setup_stackheap                   0x08005401   Thumb Code    74  sys_stackheap_outer.o(.text)
    exit                                     0x0800544b   Thumb Code    12  exit.o(.text)
    __ARM_fpclassify                         0x08005457   Thumb Code    40  fpclassify.o(i.__ARM_fpclassify)
    __ieee754_rem_pio2                       0x08005481   Thumb Code   828  rred.o(i.__ieee754_rem_pio2)
    __kernel_cos                             0x08005809   Thumb Code   230  cos_i.o(i.__kernel_cos)
    __kernel_poly                            0x08005905   Thumb Code   170  poly.o(i.__kernel_poly)
    __kernel_sin                             0x080059b1   Thumb Code   224  sin_i.o(i.__kernel_sin)
    __mathlib_dbl_infnan                     0x08005a9d   Thumb Code     6  dunder.o(i.__mathlib_dbl_infnan)
    __mathlib_dbl_invalid                    0x08005aa3   Thumb Code    12  dunder.o(i.__mathlib_dbl_invalid)
    __mathlib_dbl_underflow                  0x08005ab1   Thumb Code    10  dunder.o(i.__mathlib_dbl_underflow)
    sin                                      0x08005ac1   Thumb Code   150  sin.o(i.sin)
    __aeabi_d2f                              0x08005b61   Thumb Code     0  d2f.o(x$fpl$d2f)
    _d2f                                     0x08005b61   Thumb Code    98  d2f.o(x$fpl$d2f)
    __aeabi_dadd                             0x08005bc5   Thumb Code     0  daddsub_clz.o(x$fpl$dadd)
    _dadd                                    0x08005bc5   Thumb Code   332  daddsub_clz.o(x$fpl$dadd)
    __fpl_dcheck_NaN1                        0x08005d15   Thumb Code    10  dcheck1.o(x$fpl$dcheck1)
    __aeabi_ddiv                             0x08005d25   Thumb Code     0  ddiv.o(x$fpl$ddiv)
    _ddiv                                    0x08005d25   Thumb Code   552  ddiv.o(x$fpl$ddiv)
    __aeabi_d2iz                             0x08005fd5   Thumb Code     0  dfix.o(x$fpl$dfix)
    _dfix                                    0x08005fd5   Thumb Code    94  dfix.o(x$fpl$dfix)
    __aeabi_d2uiz                            0x08006035   Thumb Code     0  dfixu.o(x$fpl$dfixu)
    _dfixu                                   0x08006035   Thumb Code    90  dfixu.o(x$fpl$dfixu)
    __aeabi_i2d                              0x0800608f   Thumb Code     0  dflt_clz.o(x$fpl$dflt)
    _dflt                                    0x0800608f   Thumb Code    46  dflt_clz.o(x$fpl$dflt)
    __aeabi_ui2d                             0x080060bd   Thumb Code     0  dflt_clz.o(x$fpl$dfltu)
    _dfltu                                   0x080060bd   Thumb Code    38  dflt_clz.o(x$fpl$dfltu)
    __aeabi_dmul                             0x080060e5   Thumb Code     0  dmul.o(x$fpl$dmul)
    _dmul                                    0x080060e5   Thumb Code   332  dmul.o(x$fpl$dmul)
    __fpl_dnaninf                            0x08006239   Thumb Code   156  dnaninf.o(x$fpl$dnaninf)
    __fpl_dretinf                            0x080062d5   Thumb Code    12  dretinf.o(x$fpl$dretinf)
    __aeabi_drsub                            0x080062e1   Thumb Code     0  daddsub_clz.o(x$fpl$drsb)
    _drsb                                    0x080062e1   Thumb Code    22  daddsub_clz.o(x$fpl$drsb)
    __aeabi_dsub                             0x080062f9   Thumb Code     0  daddsub_clz.o(x$fpl$dsub)
    _dsub                                    0x080062f9   Thumb Code   464  daddsub_clz.o(x$fpl$dsub)
    __aeabi_f2d                              0x080064cd   Thumb Code     0  f2d.o(x$fpl$f2d)
    _f2d                                     0x080064cd   Thumb Code    86  f2d.o(x$fpl$f2d)
    __aeabi_fadd                             0x08006525   Thumb Code     0  faddsub_clz.o(x$fpl$fadd)
    _fadd                                    0x08006525   Thumb Code   196  faddsub_clz.o(x$fpl$fadd)
    __aeabi_fdiv                             0x080065e9   Thumb Code     0  fdiv.o(x$fpl$fdiv)
    _fdiv                                    0x080065e9   Thumb Code   384  fdiv.o(x$fpl$fdiv)
    __aeabi_f2uiz                            0x0800676d   Thumb Code     0  ffixu.o(x$fpl$ffixu)
    _ffixu                                   0x0800676d   Thumb Code    62  ffixu.o(x$fpl$ffixu)
    __aeabi_i2f                              0x080067ad   Thumb Code     0  fflt_clz.o(x$fpl$fflt)
    _fflt                                    0x080067ad   Thumb Code    48  fflt_clz.o(x$fpl$fflt)
    __aeabi_ui2f                             0x080067dd   Thumb Code     0  fflt_clz.o(x$fpl$ffltu)
    _ffltu                                   0x080067dd   Thumb Code    38  fflt_clz.o(x$fpl$ffltu)
    __aeabi_fmul                             0x08006805   Thumb Code     0  fmul.o(x$fpl$fmul)
    _fmul                                    0x08006805   Thumb Code   258  fmul.o(x$fpl$fmul)
    __fpl_fnaninf                            0x08006907   Thumb Code   140  fnaninf.o(x$fpl$fnaninf)
    __fpl_fretinf                            0x08006993   Thumb Code    10  fretinf.o(x$fpl$fretinf)
    __aeabi_frsub                            0x0800699d   Thumb Code     0  faddsub_clz.o(x$fpl$frsb)
    _frsb                                    0x0800699d   Thumb Code    20  faddsub_clz.o(x$fpl$frsb)
    __aeabi_fsub                             0x080069b1   Thumb Code     0  faddsub_clz.o(x$fpl$fsub)
    _fsub                                    0x080069b1   Thumb Code   234  faddsub_clz.o(x$fpl$fsub)
    __fpl_return_NaN                         0x08006a9b   Thumb Code   100  retnan.o(x$fpl$retnan)
    __ARM_scalbn                             0x08006aff   Thumb Code    92  scalbn.o(x$fpl$scalbn)
    __fpl_cmpreturn                          0x08006b5b   Thumb Code    48  trapv.o(x$fpl$trapveneer)
    __I$use$fp                               0x08006b8a   Number         0  usenofp.o(x$fpl$usenofp)
    asc2_1206                                0x08006b8a   Data        1140  lcd.o(.constdata)
    asc2_1608                                0x08006ffe   Data        1520  lcd.o(.constdata)
    asc2_2412                                0x080075ee   Data        3420  lcd.o(.constdata)
    gImage_HGTB                              0x0800834a   Data         800  lcd.o(.constdata)
    gImage_HGZB                              0x0800866a   Data        1950  lcd.o(.constdata)
    gImage_BXFSQ                             0x08008e08   Data         600  lcd.o(.constdata)
    gImage_ZDH                               0x08009060   Data         340  lcd.o(.constdata)
    gImage_1_1                               0x080091b4   Data        3536  lcd.o(.constdata)
    gImage_1_2                               0x08009f84   Data        3536  lcd.o(.constdata)
    gImage_1_3                               0x0800ad54   Data        3536  lcd.o(.constdata)
    gImage_1_4                               0x0800bb24   Data        9600  lcd.o(.constdata)
    gImage_1_5                               0x0800e0a4   Data        9600  lcd.o(.constdata)
    gImage_1_6                               0x08010624   Data        9600  lcd.o(.constdata)
    gImage_1_7                               0x08012ba4   Data        9600  lcd.o(.constdata)
    init_Array                               0x08015124   Data         102  paj7620u2.o(.constdata)
    proximity_arry                           0x0801518a   Data          70  paj7620u2.o(.constdata)
    gesture_arry                             0x080151d0   Data          60  paj7620u2.o(.constdata)
    Region$$Table$$Base                      0x08015358   Number         0  anon$$obj.o(Region$$Table)
    Region$$Table$$Limit                     0x08015378   Number         0  anon$$obj.o(Region$$Table)
    i                                        0x20000000   Data           1  main.o(.data)
    SystemCoreClock                          0x20000004   Data           4  system_stm32f10x.o(.data)
    AHBPrescTable                            0x20000008   Data          16  system_stm32f10x.o(.data)
    codeHZ_16                                0x20000018   Data         175  lcd.o(.data)
    codeHZ_32                                0x200000c7   Data        2489  lcd.o(.data)
    POINT_COLOR                              0x20000a80   Data           2  lcd.o(.data)
    BACK_COLOR                               0x20000a82   Data           2  lcd.o(.data)
    __stdout                                 0x20000a94   Data           4  usart.o(.data)
    USART_RX_STA                             0x20000a98   Data           2  usart.o(.data)
    lcddev                                   0x20000ab0   Data          14  lcd.o(.bss)
    D_Sine                                   0x20000abe   Data         512  sign.o(.bss)
    D_Triangular                             0x20000cbe   Data         512  sign.o(.bss)
    D_Square                                 0x20000ebe   Data         512  sign.o(.bss)
    USART_RX_BUF                             0x200010be   Data         200  usart.o(.bss)
    __libspace_start                         0x20001188   Data          96  libspace.o(.bss)
    __temporary_stack_top$libspace           0x200011e8   Data           0  libspace.o(.bss)



==============================================================================

Memory Map of the image

  Image Entry point : 0x08000131

  Load Region LR_IROM1 (Base: 0x08000000, Size: 0x00015e28, Max: 0x00040000, ABSOLUTE, COMPRESSED[0x000159d8])

    Execution Region ER_IROM1 (Base: 0x08000000, Size: 0x00015378, Max: 0x00040000, ABSOLUTE)

    Base Addr    Size         Type   Attr      Idx    E Section Name        Object

    0x08000000   0x00000130   Data   RO          382    RESET               startup_stm32f10x_hd.o
    0x08000130   0x00000008   Code   RO          555  * !!!main             c_w.l(__main.o)
    0x08000138   0x00000034   Code   RO          840    !!!scatter          c_w.l(__scatter.o)
    0x0800016c   0x0000005a   Code   RO          838    !!dczerorl2         c_w.l(__dczerorl2.o)
    0x080001c6   0x00000002   PAD
    0x080001c8   0x0000001c   Code   RO          842    !!handler_zi        c_w.l(__scatter_zi.o)
    0x080001e4   0x00000000   Code   RO          552    .ARM.Collect$$_printf_percent$$00000000  c_w.l(_printf_percent.o)
    0x080001e4   0x00000006   Code   RO          551    .ARM.Collect$$_printf_percent$$00000009  c_w.l(_printf_d.o)
    0x080001ea   0x00000006   Code   RO          550    .ARM.Collect$$_printf_percent$$0000000C  c_w.l(_printf_x.o)
    0x080001f0   0x00000004   Code   RO          622    .ARM.Collect$$_printf_percent$$00000017  c_w.l(_printf_percent_end.o)
    0x080001f4   0x00000002   Code   RO          710    .ARM.Collect$$libinit$$00000000  c_w.l(libinit.o)
    0x080001f6   0x00000000   Code   RO          716    .ARM.Collect$$libinit$$00000002  c_w.l(libinit2.o)
    0x080001f6   0x00000000   Code   RO          718    .ARM.Collect$$libinit$$00000004  c_w.l(libinit2.o)
    0x080001f6   0x00000000   Code   RO          721    .ARM.Collect$$libinit$$0000000A  c_w.l(libinit2.o)
    0x080001f6   0x00000000   Code   RO          723    .ARM.Collect$$libinit$$0000000C  c_w.l(libinit2.o)
    0x080001f6   0x00000000   Code   RO          725    .ARM.Collect$$libinit$$0000000E  c_w.l(libinit2.o)
    0x080001f6   0x00000000   Code   RO          728    .ARM.Collect$$libinit$$00000011  c_w.l(libinit2.o)
    0x080001f6   0x00000000   Code   RO          730    .ARM.Collect$$libinit$$00000013  c_w.l(libinit2.o)
    0x080001f6   0x00000000   Code   RO          732    .ARM.Collect$$libinit$$00000015  c_w.l(libinit2.o)
    0x080001f6   0x00000000   Code   RO          734    .ARM.Collect$$libinit$$00000017  c_w.l(libinit2.o)
    0x080001f6   0x00000000   Code   RO          736    .ARM.Collect$$libinit$$00000019  c_w.l(libinit2.o)
    0x080001f6   0x00000000   Code   RO          738    .ARM.Collect$$libinit$$0000001B  c_w.l(libinit2.o)
    0x080001f6   0x00000000   Code   RO          740    .ARM.Collect$$libinit$$0000001D  c_w.l(libinit2.o)
    0x080001f6   0x00000000   Code   RO          742    .ARM.Collect$$libinit$$0000001F  c_w.l(libinit2.o)
    0x080001f6   0x00000000   Code   RO          744    .ARM.Collect$$libinit$$00000021  c_w.l(libinit2.o)
    0x080001f6   0x00000000   Code   RO          746    .ARM.Collect$$libinit$$00000023  c_w.l(libinit2.o)
    0x080001f6   0x00000000   Code   RO          748    .ARM.Collect$$libinit$$00000025  c_w.l(libinit2.o)
    0x080001f6   0x00000000   Code   RO          752    .ARM.Collect$$libinit$$0000002C  c_w.l(libinit2.o)
    0x080001f6   0x00000000   Code   RO          754    .ARM.Collect$$libinit$$0000002E  c_w.l(libinit2.o)
    0x080001f6   0x00000000   Code   RO          756    .ARM.Collect$$libinit$$00000030  c_w.l(libinit2.o)
    0x080001f6   0x00000000   Code   RO          758    .ARM.Collect$$libinit$$00000032  c_w.l(libinit2.o)
    0x080001f6   0x00000002   Code   RO          759    .ARM.Collect$$libinit$$00000033  c_w.l(libinit2.o)
    0x080001f8   0x00000002   Code   RO          781    .ARM.Collect$$libshutdown$$00000000  c_w.l(libshutdown.o)
    0x080001fa   0x00000000   Code   RO          792    .ARM.Collect$$libshutdown$$00000003  c_w.l(libshutdown2.o)
    0x080001fa   0x00000000   Code   RO          795    .ARM.Collect$$libshutdown$$00000006  c_w.l(libshutdown2.o)
    0x080001fa   0x00000000   Code   RO          798    .ARM.Collect$$libshutdown$$00000009  c_w.l(libshutdown2.o)
    0x080001fa   0x00000000   Code   RO          800    .ARM.Collect$$libshutdown$$0000000B  c_w.l(libshutdown2.o)
    0x080001fa   0x00000000   Code   RO          803    .ARM.Collect$$libshutdown$$0000000E  c_w.l(libshutdown2.o)
    0x080001fa   0x00000002   Code   RO          804    .ARM.Collect$$libshutdown$$0000000F  c_w.l(libshutdown2.o)
    0x080001fc   0x00000000   Code   RO          615    .ARM.Collect$$rtentry$$00000000  c_w.l(__rtentry.o)
    0x080001fc   0x00000000   Code   RO          661    .ARM.Collect$$rtentry$$00000002  c_w.l(__rtentry2.o)
    0x080001fc   0x00000006   Code   RO          673    .ARM.Collect$$rtentry$$00000004  c_w.l(__rtentry4.o)
    0x08000202   0x00000000   Code   RO          663    .ARM.Collect$$rtentry$$00000009  c_w.l(__rtentry2.o)
    0x08000202   0x00000004   Code   RO          664    .ARM.Collect$$rtentry$$0000000A  c_w.l(__rtentry2.o)
    0x08000206   0x00000000   Code   RO          666    .ARM.Collect$$rtentry$$0000000C  c_w.l(__rtentry2.o)
    0x08000206   0x00000008   Code   RO          667    .ARM.Collect$$rtentry$$0000000D  c_w.l(__rtentry2.o)
    0x0800020e   0x00000002   Code   RO          713    .ARM.Collect$$rtexit$$00000000  c_w.l(rtexit.o)
    0x08000210   0x00000000   Code   RO          763    .ARM.Collect$$rtexit$$00000002  c_w.l(rtexit2.o)
    0x08000210   0x00000004   Code   RO          764    .ARM.Collect$$rtexit$$00000003  c_w.l(rtexit2.o)
    0x08000214   0x00000006   Code   RO          765    .ARM.Collect$$rtexit$$00000004  c_w.l(rtexit2.o)
    0x0800021a   0x00000002   PAD
    0x0800021c   0x00000130   Code   RO            1    .text               main.o
    0x0800034c   0x0000001a   Code   RO          150    .text               stm32f10x_it.o
    0x08000366   0x00000002   PAD
    0x08000368   0x000001e0   Code   RO          191    .text               system_stm32f10x.o
    0x08000548   0x00000050   Code   RO          209    .text               led.o
    0x08000598   0x000017bc   Code   RO          221    .text               lcd.o
    0x08001d54   0x00000144   Code   RO          257    .text               key.o
    0x08001e98   0x000003e8   Code   RO          270    .text               sign.o
    0x08002280   0x00000b5c   Code   RO          285    .text               paj7620u2.o
    0x08002ddc   0x00000364   Code   RO          304    .text               paj7620u2_iic.o
    0x08003140   0x000000d4   Code   RO          316    .text               delay.o
    0x08003214   0x00000140   Code   RO          347    .text               usart.o
    0x08003354   0x00000040   Code   RO          383    .text               startup_stm32f10x_hd.o
    0x08003394   0x0000035c   Code   RO          387    .text               stm32f10x_gpio.o
    0x080036f0   0x000003a4   Code   RO          399    .text               stm32f10x_rcc.o
    0x08003a94   0x00000408   Code   RO          413    .text               stm32f10x_usart.o
    0x08003e9c   0x000000dc   Code   RO          425    .text               misc.o
    0x08003f78   0x0000018c   Code   RO          461    .text               stm32f10x_dac.o
    0x08004104   0x00000254   Code   RO          473    .text               stm32f10x_dma.o
    0x08004358   0x00000e1a   Code   RO          485    .text               stm32f10x_tim.o
    0x08005172   0x00000002   Code   RO          499    .text               c_w.l(use_no_semi_2.o)
    0x08005174   0x00000018   Code   RO          503    .text               c_w.l(noretval__2printf.o)
    0x0800518c   0x00000068   Code   RO          505    .text               c_w.l(__printf.o)
    0x080051f4   0x00000078   Code   RO          507    .text               c_w.l(_printf_dec.o)
    0x0800526c   0x00000058   Code   RO          512    .text               c_w.l(_printf_hex_int.o)
    0x080052c4   0x00000006   Code   RO          553    .text               c_w.l(heapauxi.o)
    0x080052ca   0x00000002   Code   RO          613    .text               c_w.l(use_no_semi.o)
    0x080052cc   0x00000016   Code   RO          616    .text               c_w.l(_rserrno.o)
    0x080052e2   0x000000b2   Code   RO          618    .text               c_w.l(_printf_intcommon.o)
    0x08005394   0x00000024   Code   RO          620    .text               c_w.l(_printf_char_file.o)
    0x080053b8   0x00000008   Code   RO          678    .text               c_w.l(rt_errno_addr_intlibspace.o)
    0x080053c0   0x00000030   Code   RO          680    .text               c_w.l(_printf_char_common.o)
    0x080053f0   0x00000008   Code   RO          682    .text               c_w.l(ferror.o)
    0x080053f8   0x00000008   Code   RO          696    .text               c_w.l(libspace.o)
    0x08005400   0x0000004a   Code   RO          699    .text               c_w.l(sys_stackheap_outer.o)
    0x0800544a   0x0000000c   Code   RO          703    .text               c_w.l(exit.o)
    0x08005456   0x00000028   Code   RO          692    i.__ARM_fpclassify  m_ws.l(fpclassify.o)
    0x0800547e   0x00000002   PAD
    0x08005480   0x00000388   Code   RO          649    i.__ieee754_rem_pio2  m_ws.l(rred.o)
    0x08005808   0x000000fc   Code   RO          632    i.__kernel_cos      m_ws.l(cos_i.o)
    0x08005904   0x000000aa   Code   RO          694    i.__kernel_poly     m_ws.l(poly.o)
    0x080059ae   0x00000002   PAD
    0x080059b0   0x000000ec   Code   RO          654    i.__kernel_sin      m_ws.l(sin_i.o)
    0x08005a9c   0x00000006   Code   RO          636    i.__mathlib_dbl_infnan  m_ws.l(dunder.o)
    0x08005aa2   0x0000000c   Code   RO          638    i.__mathlib_dbl_invalid  m_ws.l(dunder.o)
    0x08005aae   0x00000002   PAD
    0x08005ab0   0x00000010   Code   RO          641    i.__mathlib_dbl_underflow  m_ws.l(dunder.o)
    0x08005ac0   0x000000a0   Code   RO          606    i.sin               m_ws.l(sin.o)
    0x08005b60   0x00000062   Code   RO          557    x$fpl$d2f           fz_ws.l(d2f.o)
    0x08005bc2   0x00000002   PAD
    0x08005bc4   0x00000150   Code   RO          559    x$fpl$dadd          fz_ws.l(daddsub_clz.o)
    0x08005d14   0x00000010   Code   RO          711    x$fpl$dcheck1       fz_ws.l(dcheck1.o)
    0x08005d24   0x000002b0   Code   RO          566    x$fpl$ddiv          fz_ws.l(ddiv.o)
    0x08005fd4   0x0000005e   Code   RO          686    x$fpl$dfix          fz_ws.l(dfix.o)
    0x08006032   0x00000002   PAD
    0x08006034   0x0000005a   Code   RO          569    x$fpl$dfixu         fz_ws.l(dfixu.o)
    0x0800608e   0x0000002e   Code   RO          574    x$fpl$dflt          fz_ws.l(dflt_clz.o)
    0x080060bc   0x00000026   Code   RO          573    x$fpl$dfltu         fz_ws.l(dflt_clz.o)
    0x080060e2   0x00000002   PAD
    0x080060e4   0x00000154   Code   RO          579    x$fpl$dmul          fz_ws.l(dmul.o)
    0x08006238   0x0000009c   Code   RO          623    x$fpl$dnaninf       fz_ws.l(dnaninf.o)
    0x080062d4   0x0000000c   Code   RO          625    x$fpl$dretinf       fz_ws.l(dretinf.o)
    0x080062e0   0x00000016   Code   RO          560    x$fpl$drsb          fz_ws.l(daddsub_clz.o)
    0x080062f6   0x00000002   PAD
    0x080062f8   0x000001d4   Code   RO          561    x$fpl$dsub          fz_ws.l(daddsub_clz.o)
    0x080064cc   0x00000056   Code   RO          581    x$fpl$f2d           fz_ws.l(f2d.o)
    0x08006522   0x00000002   PAD
    0x08006524   0x000000c4   Code   RO          583    x$fpl$fadd          fz_ws.l(faddsub_clz.o)
    0x080065e8   0x00000184   Code   RO          590    x$fpl$fdiv          fz_ws.l(fdiv.o)
    0x0800676c   0x0000003e   Code   RO          593    x$fpl$ffixu         fz_ws.l(ffixu.o)
    0x080067aa   0x00000002   PAD
    0x080067ac   0x00000030   Code   RO          598    x$fpl$fflt          fz_ws.l(fflt_clz.o)
    0x080067dc   0x00000026   Code   RO          597    x$fpl$ffltu         fz_ws.l(fflt_clz.o)
    0x08006802   0x00000002   PAD
    0x08006804   0x00000102   Code   RO          603    x$fpl$fmul          fz_ws.l(fmul.o)
    0x08006906   0x0000008c   Code   RO          627    x$fpl$fnaninf       fz_ws.l(fnaninf.o)
    0x08006992   0x0000000a   Code   RO          629    x$fpl$fretinf       fz_ws.l(fretinf.o)
    0x0800699c   0x00000014   Code   RO          584    x$fpl$frsb          fz_ws.l(faddsub_clz.o)
    0x080069b0   0x000000ea   Code   RO          585    x$fpl$fsub          fz_ws.l(faddsub_clz.o)
    0x08006a9a   0x00000064   Code   RO          760    x$fpl$retnan        fz_ws.l(retnan.o)
    0x08006afe   0x0000005c   Code   RO          690    x$fpl$scalbn        fz_ws.l(scalbn.o)
    0x08006b5a   0x00000030   Code   RO          773    x$fpl$trapveneer    fz_ws.l(trapv.o)
    0x08006b8a   0x00000000   Code   RO          631    x$fpl$usenofp       fz_ws.l(usenofp.o)
    0x08006b8a   0x0000e59a   Data   RO          223    .constdata          lcd.o
    0x08015124   0x000000e8   Data   RO          286    .constdata          paj7620u2.o
    0x0801520c   0x00000028   Data   RO          513    .constdata          c_w.l(_printf_hex_int.o)
    0x08015234   0x00000004   PAD
    0x08015238   0x00000030   Data   RO          633    .constdata          m_ws.l(cos_i.o)
    0x08015268   0x000000c8   Data   RO          651    .constdata          m_ws.l(rred.o)
    0x08015330   0x00000028   Data   RO          655    .constdata          m_ws.l(sin_i.o)
    0x08015358   0x00000020   Data   RO          836    Region$$Table       anon$$obj.o


    Execution Region RW_IRAM1 (Base: 0x20000000, Size: 0x000017e8, Max: 0x0000c000, ABSOLUTE, COMPRESSED[0x00000660])

    Base Addr    Size         Type   Attr      Idx    E Section Name        Object

    0x20000000   0x00000001   Data   RW            2    .data               main.o
    0x20000001   0x00000003   PAD
    0x20000004   0x00000014   Data   RW          192    .data               system_stm32f10x.o
    0x20000018   0x00000a6c   Data   RW          224    .data               lcd.o
    0x20000a84   0x00000001   Data   RW          258    .data               key.o
    0x20000a85   0x00000003   PAD
    0x20000a88   0x00000008   Data   RW          287    .data               paj7620u2.o
    0x20000a90   0x00000004   Data   RW          317    .data               delay.o
    0x20000a94   0x00000006   Data   RW          349    .data               usart.o
    0x20000a9a   0x00000014   Data   RW          400    .data               stm32f10x_rcc.o
    0x20000aae   0x00000002   PAD
    0x20000ab0   0x0000000e   Zero   RW          222    .bss                lcd.o
    0x20000abe   0x00000600   Zero   RW          271    .bss                sign.o
    0x200010be   0x000000c8   Zero   RW          348    .bss                usart.o
    0x20001186   0x00000002   PAD
    0x20001188   0x00000060   Zero   RW          697    .bss                c_w.l(libspace.o)
    0x200011e8   0x00000200   Zero   RW          381    HEAP                startup_stm32f10x_hd.o
    0x200013e8   0x00000400   Zero   RW          380    STACK               startup_stm32f10x_hd.o


==============================================================================

Image component sizes


      Code (inc. data)   RO Data    RW Data    ZI Data      Debug   Object Name

       212         18          0          4          0        971   delay.o
       324         18          0          1          0        840   key.o
      6076        156      58778       2668         14      17813   lcd.o
        80          8          0          0          0        471   led.o
       304         26          0          1          0     269211   main.o
       220         22          0          0          0       1749   misc.o
      2908        810        232          8          0       3783   paj7620u2.o
       868         12          0          0          0       3213   paj7620u2_iic.o
      1000         50          0          0       1536       3835   sign.o
        64         26        304          0       1536        776   startup_stm32f10x_hd.o
       396          6          0          0          0       3598   stm32f10x_dac.o
       596          8          0          0          0       4278   stm32f10x_dma.o
       860         38          0          0          0       5593   stm32f10x_gpio.o
        26          0          0          0          0       1154   stm32f10x_it.o
       932         36          0         20          0       8740   stm32f10x_rcc.o
      3610         88          0          0          0      22080   stm32f10x_tim.o
      1032         22          0          0          0       8320   stm32f10x_usart.o
         0          0          0          0          0         32   sys.o
       480         38          0         20          0       1659   system_stm32f10x.o
       320         18          0          6        200       3070   usart.o

    ----------------------------------------------------------------------
     20310       1400      59346       2736       3288     361186   Object Totals
         0          0         32          0          0          0   (incl. Generated)
         2          0          0          8          2          0   (incl. Padding)

    ----------------------------------------------------------------------

      Code (inc. data)   RO Data    RW Data    ZI Data      Debug   Library Member Name

        90          0          0          0          0          0   __dczerorl2.o
         8          0          0          0          0         68   __main.o
       104          0          0          0          0         84   __printf.o
         0          0          0          0          0          0   __rtentry.o
        12          0          0          0          0          0   __rtentry2.o
         6          0          0          0          0          0   __rtentry4.o
        52          8          0          0          0          0   __scatter.o
        28          0          0          0          0          0   __scatter_zi.o
        48          6          0          0          0         96   _printf_char_common.o
        36          4          0          0          0         80   _printf_char_file.o
         6          0          0          0          0          0   _printf_d.o
       120         16          0          0          0         92   _printf_dec.o
        88          4         40          0          0         88   _printf_hex_int.o
       178          0          0          0          0         88   _printf_intcommon.o
         0          0          0          0          0          0   _printf_percent.o
         4          0          0          0          0          0   _printf_percent_end.o
         6          0          0          0          0          0   _printf_x.o
        22          0          0          0          0        100   _rserrno.o
        12          0          0          0          0         72   exit.o
         8          0          0          0          0         68   ferror.o
         6          0          0          0          0        152   heapauxi.o
         2          0          0          0          0          0   libinit.o
         2          0          0          0          0          0   libinit2.o
         2          0          0          0          0          0   libshutdown.o
         2          0          0          0          0          0   libshutdown2.o
         8          4          0          0         96         68   libspace.o
        24          4          0          0          0         84   noretval__2printf.o
         8          4          0          0          0         68   rt_errno_addr_intlibspace.o
         2          0          0          0          0          0   rtexit.o
        10          0          0          0          0          0   rtexit2.o
        74          0          0          0          0         80   sys_stackheap_outer.o
         2          0          0          0          0         68   use_no_semi.o
         2          0          0          0          0         68   use_no_semi_2.o
        98          4          0          0          0         92   d2f.o
       826         16          0          0          0        348   daddsub_clz.o
        16          4          0          0          0         68   dcheck1.o
       688        140          0          0          0        208   ddiv.o
        94          4          0          0          0         92   dfix.o
        90          4          0          0          0         92   dfixu.o
        84          0          0          0          0        136   dflt_clz.o
       340         12          0          0          0        104   dmul.o
       156          4          0          0          0         92   dnaninf.o
        12          0          0          0          0         68   dretinf.o
        86          4          0          0          0         84   f2d.o
       450          8          0          0          0        236   faddsub_clz.o
       388         76          0          0          0         96   fdiv.o
        62          4          0          0          0         84   ffixu.o
        86          0          0          0          0        136   fflt_clz.o
       258          4          0          0          0         84   fmul.o
       140          4          0          0          0         84   fnaninf.o
        10          0          0          0          0         68   fretinf.o
       100          0          0          0          0         68   retnan.o
        92          0          0          0          0         68   scalbn.o
        48          0          0          0          0         68   trapv.o
         0          0          0          0          0          0   usenofp.o
       252         22         48          0          0        124   cos_i.o
        34          6          0          0          0        204   dunder.o
        40          0          0          0          0         68   fpclassify.o
       170          0          0          0          0         96   poly.o
       904         76        200          0          0        140   rred.o
       160         10          0          0          0        108   sin.o
       236         12         40          0          0        128   sin_i.o

    ----------------------------------------------------------------------
      6916        464        332          0         96       4668   Library Totals
        24          0          4          0          0          0   (incl. Padding)

    ----------------------------------------------------------------------

      Code (inc. data)   RO Data    RW Data    ZI Data      Debug   Library Name

       972         50         40          0         96       1424   c_w.l
      4124        288          0          0          0       2376   fz_ws.l
      1796        126        288          0          0        868   m_ws.l

    ----------------------------------------------------------------------
      6916        464        332          0         96       4668   Library Totals

    ----------------------------------------------------------------------

==============================================================================


      Code (inc. data)   RO Data    RW Data    ZI Data      Debug   

     27226       1864      59678       2736       3384     361794   Grand Totals
     27226       1864      59678       1632       3384     361794   ELF Image Totals (compressed)
     27226       1864      59678       1632          0          0   ROM Totals

==============================================================================

    Total RO  Size (Code + RO Data)                86904 (  84.87kB)
    Total RW  Size (RW Data + ZI Data)              6120 (   5.98kB)
    Total ROM Size (Code + RO Data + RW Data)      88536 (  86.46kB)

==============================================================================

